# case inst obl period_days orbits converged cycle_orbits max_dT_K asym_K ice_segments
0 1.562500 0.0 261.1727 83 yes 1 8.978e-05 0.0000 none
1 1.562500 10.0 261.1727 83 yes 1 8.795e-05 0.0000 none
2 1.562500 20.0 261.1727 82 yes 1 9.847e-05 0.0000 none
3 1.562500 30.0 261.1727 82 yes 1 9.763e-05 0.0000 none
4 1.562500 40.0 261.1727 82 yes 1 9.730e-05 0.0000 none
5 1.562500 50.0 261.1727 82 yes 1 9.701e-05 0.0000 none
6 1.562500 60.0 261.1727 82 yes 1 9.683e-05 0.0000 none
7 1.562500 70.0 261.1727 82 yes 1 9.722e-05 0.0000 none
8 1.562500 80.0 261.1727 82 yes 1 9.718e-05 0.0000 none
9 1.562500 90.0 261.1727 82 yes 1 9.711e-05 0.0000 none
10 1.514793 0.0 267.3178 81 yes 1 8.990e-05 0.0000 none
11 1.514793 10.0 267.3178 81 yes 1 8.778e-05 0.0000 none
12 1.514793 20.0 267.3178 80 yes 1 9.751e-05 0.0000 none
13 1.514793 30.0 267.3178 80 yes 1 9.646e-05 0.0000 none
14 1.514793 40.0 267.3178 80 yes 1 9.606e-05 0.0000 none
15 1.514793 50.0 267.3178 80 yes 1 9.573e-05 0.0000 none
16 1.514793 60.0 267.3178 80 yes 1 9.599e-05 0.0000 none
17 1.514793 70.0 267.3178 80 yes 1 9.612e-05 0.0000 none
18 1.514793 80.0 267.3178 80 yes 1 9.600e-05 0.0000 none
19 1.514793 90.0 267.3178 80 yes 1 9.594e-05 0.0000 none
20 1.469238 0.0 273.5104 79 yes 1 9.159e-05 0.0000 none
21 1.469238 10.0 273.5104 79 yes 1 8.906e-05 0.0000 none
22 1.469238 20.0 273.5104 78 yes 1 9.775e-05 0.0000 none
23 1.469238 30.0 273.5104 78 yes 1 9.640e-05 0.0000 none
24 1.469238 40.0 273.5104 78 yes 1 9.585e-05 0.0000 none
25 1.469238 50.0 273.5104 78 yes 1 9.560e-05 0.0000 none
26 1.469238 60.0 273.5104 78 yes 1 9.618e-05 0.0000 none
27 1.469238 70.0 273.5104 78 yes 1 9.611e-05 0.0000 none
28 1.469238 80.0 273.5104 78 yes 1 9.589e-05 0.0000 none
29 1.469238 90.0 273.5104 78 yes 1 9.581e-05 0.0000 none
30 1.425707 0.0 279.7500 77 yes 1 9.544e-05 0.0000 none
31 1.425707 10.0 279.7500 77 yes 1 9.237e-05 0.0000 none
32 1.425707 20.0 279.7500 76 yes 1 9.928e-05 0.0000 none
33 1.425707 30.0 279.7500 76 yes 1 9.748e-05 0.0000 none
34 1.425707 40.0 279.7500 76 yes 1 9.680e-05 0.0000 none
35 1.425707 50.0 279.7500 76 yes 1 9.714e-05 0.0000 none
36 1.425707 60.0 279.7500 76 yes 1 9.737e-05 0.0000 none
37 1.425707 70.0 279.7500 76 yes 1 9.710e-05 0.0000 none
38 1.425707 80.0 279.7500 76 yes 1 9.682e-05 0.0000 none
39 1.425707 90.0 279.7500 76 yes 1 9.669e-05 0.0000 none
40 1.384083 0.0 286.0364 76 yes 1 8.906e-05 0.0000 none
41 1.384083 10.0 286.0364 76 yes 1 8.526e-05 0.0000 none
42 1.384083 20.0 286.0364 75 yes 1 8.692e-05 0.0000 none
43 1.384083 30.0 286.0364 74 yes 1 9.981e-05 0.0000 none
44 1.384083 40.0 286.0364 74 yes 1 9.910e-05 0.0000 none
45 1.384083 50.0 286.0364 74 yes 1 9.975e-05 0.0000 none
46 1.384083 60.0 286.0364 74 yes 1 9.963e-05 0.0000 none
47 1.384083 70.0 286.0364 74 yes 1 9.919e-05 0.0000 none
48 1.384083 80.0 286.0364 74 yes 1 9.885e-05 0.0000 none
49 1.384083 90.0 286.0364 74 yes 1 9.889e-05 0.0000 none
50 1.344255 0.0 292.3691 5 yes 1 1.037e-05 0.0000 [-90.0,90.0]
51 1.344255 10.0 292.3691 5 yes 1 1.038e-05 0.0000 [-90.0,90.0]
52 1.344255 20.0 292.3691 73 yes 1 9.149e-05 0.0000 none
53 1.344255 30.0 292.3691 73 yes 1 8.770e-05 0.0000 none
54 1.344255 40.0 292.3691 73 yes 1 8.748e-05 0.0000 none
55 1.344255 50.0 292.3691 73 yes 1 8.764e-05 0.0000 none
56 1.344255 60.0 292.3691 73 yes 1 8.724e-05 0.0000 none
57 1.344255 70.0 292.3691 73 yes 1 8.676e-05 0.0000 none
58 1.344255 80.0 292.3691 73 yes 1 8.686e-05 0.0000 none
59 1.344255 90.0 292.3691 73 yes 1 8.684e-05 0.0000 none
60 1.306122 0.0 298.7480 5 yes 1 6.958e-06 0.0000 [-90.0,90.0]
61 1.306122 10.0 298.7480 5 yes 1 6.958e-06 0.0000 [-90.0,90.0]
62 1.306122 20.0 298.7480 72 yes 1 8.680e-05 0.0000 none
63 1.306122 30.0 298.7480 71 yes 1 9.310e-05 0.0000 none
64 1.306122 40.0 298.7480 71 yes 1 9.218e-05 0.0000 none
65 1.306122 50.0 298.7480 71 yes 1 9.176e-05 0.0000 none
66 1.306122 60.0 298.7480 71 yes 1 9.109e-05 0.0000 none
67 1.306122 70.0 298.7480 71 yes 1 9.150e-05 0.0000 none
68 1.306122 80.0 298.7480 71 yes 1 9.165e-05 0.0000 none
69 1.306122 90.0 298.7480 71 yes 1 9.150e-05 0.0000 none
70 1.269589 0.0 305.1725 5 yes 1 4.644e-06 0.0000 [-90.0,90.0]
71 1.269589 10.0 305.1725 5 yes 1 4.644e-06 0.0000 [-90.0,90.0]
72 1.269589 20.0 305.1725 5 yes 1 4.645e-06 0.0000 [-90.0,90.0]
73 1.269589 30.0 305.1725 70 yes 1 8.587e-05 0.0000 none
74 1.269589 40.0 305.1725 69 yes 1 9.895e-05 0.0000 none
75 1.269589 50.0 305.1725 69 yes 1 9.747e-05 0.0000 none
76 1.269589 60.0 305.1725 69 yes 1 9.867e-05 0.0000 none
77 1.269589 70.0 305.1725 69 yes 1 9.807e-05 0.0000 none
78 1.269589 80.0 305.1725 69 yes 1 9.780e-05 0.0000 none
79 1.269589 90.0 305.1725 69 yes 1 9.782e-05 0.0000 none
80 1.234568 0.0 311.6425 5 yes 1 3.084e-06 0.0000 [-90.0,90.0]
81 1.234568 10.0 311.6425 5 yes 1 3.085e-06 0.0000 [-90.0,90.0]
82 1.234568 20.0 311.6425 5 yes 1 3.085e-06 0.0000 [-90.0,90.0]
83 1.234568 30.0 311.6425 68 yes 1 9.491e-05 0.0000 none
84 1.234568 40.0 311.6425 68 yes 1 9.127e-05 0.0000 none
85 1.234568 50.0 311.6425 68 yes 1 9.051e-05 0.0000 none
86 1.234568 60.0 311.6425 68 yes 1 8.957e-05 0.0000 none
87 1.234568 70.0 311.6425 68 yes 1 9.046e-05 0.0000 none
88 1.234568 80.0 311.6425 68 yes 1 8.990e-05 0.0000 none
89 1.234568 90.0 311.6425 68 yes 1 8.990e-05 0.0000 none
90 1.200976 0.0 318.1575 5 yes 1 2.037e-06 0.0000 [-90.0,90.0]
91 1.200976 10.0 318.1575 5 yes 1 2.038e-06 0.0000 [-90.0,90.0]
92 1.200976 20.0 318.1575 5 yes 1 2.038e-06 0.0000 [-90.0,90.0]
93 1.200976 30.0 318.1575 67 yes 1 9.803e-05 0.0000 none
94 1.200976 40.0 318.1575 67 yes 1 8.775e-05 0.0000 none
95 1.200976 50.0 318.1575 67 yes 1 8.557e-05 0.0000 none
96 1.200976 60.0 318.1575 67 yes 1 8.442e-05 0.0000 none
97 1.200976 70.0 318.1575 67 yes 1 8.521e-05 0.0000 none
98 1.200976 80.0 318.1575 67 yes 1 8.460e-05 0.0000 none
99 1.200976 90.0 318.1575 67 yes 1 8.465e-05 0.0000 none
100 1.168736 0.0 324.7173 5 yes 1 1.338e-06 0.0000 [-90.0,90.0]
101 1.168736 10.0 324.7173 5 yes 1 1.338e-06 0.0000 [-90.0,90.0]
102 1.168736 20.0 324.7173 5 yes 1 1.338e-06 0.0000 [-90.0,90.0]
103 1.168736 30.0 324.7173 71 yes 1 9.115e-05 0.0000 none
104 1.168736 40.0 324.7173 66 yes 1 9.387e-05 0.0000 none
105 1.168736 50.0 324.7173 66 yes 1 8.503e-05 0.0000 none
106 1.168736 60.0 324.7173 66 yes 1 8.458e-05 0.0000 none
107 1.168736 70.0 324.7173 66 yes 1 8.320e-05 0.0000 none
108 1.168736 80.0 324.7173 66 yes 1 8.341e-05 0.0000 none
109 1.168736 90.0 324.7173 66 yes 1 8.319e-05 0.0000 none
110 1.137778 0.0 331.3216 5 yes 1 8.732e-07 0.0000 [-90.0,90.0]
111 1.137778 10.0 331.3216 5 yes 1 8.732e-07 0.0000 [-90.0,90.0]
112 1.137778 20.0 331.3216 5 yes 1 8.733e-07 0.0000 [-90.0,90.0]
113 1.137778 30.0 331.3216 11 yes 1 3.546e-05 0.1136 [-90.0,90.0]
114 1.137778 40.0 331.3216 73 yes 1 9.543e-05 0.0000 none
115 1.137778 50.0 331.3216 66 yes 1 8.464e-05 0.0000 none
116 1.137778 60.0 331.3216 65 yes 1 9.199e-05 0.0000 none
117 1.137778 70.0 331.3216 65 yes 1 9.023e-05 0.0000 none
118 1.137778 80.0 331.3216 65 yes 1 8.790e-05 0.0000 none
119 1.137778 90.0 331.3216 65 yes 1 8.717e-05 0.0000 none
120 1.108033 0.0 337.9701 5 yes 1 5.659e-07 0.0000 [-90.0,90.0]
121 1.108033 10.0 337.9701 5 yes 1 5.659e-07 0.0000 [-90.0,90.0]
122 1.108033 20.0 337.9701 5 yes 1 5.659e-07 0.0000 [-90.0,90.0]
123 1.108033 30.0 337.9701 8 yes 1 5.978e-06 0.1065 [-90.0,90.0]
124 1.108033 40.0 337.9701 11 yes 1 4.732e-05 0.1172 [-90.0,90.0]
125 1.108033 50.0 337.9701 70 yes 1 8.924e-05 0.0000 none
126 1.108033 60.0 337.9701 66 yes 1 9.078e-05 0.0000 none
127 1.108033 70.0 337.9701 65 yes 1 9.325e-05 0.0000 none
128 1.108033 80.0 337.9701 65 yes 1 8.650e-05 0.0000 none
129 1.108033 90.0 337.9701 65 yes 1 8.440e-05 0.0000 none
130 1.079440 0.0 344.6625 5 yes 1 3.638e-07 0.0000 [-90.0,90.0]
131 1.079440 10.0 344.6625 5 yes 1 3.638e-07 0.0000 [-90.0,90.0]
132 1.079440 20.0 344.6625 5 yes 1 3.639e-07 0.0000 [-90.0,90.0]
133 1.079440 30.0 344.6625 6 yes 1 8.335e-06 0.0797 [-90.0,90.0]
134 1.079440 40.0 344.6625 10 yes 1 1.406e-05 0.4232 [-90.0,90.0]
135 1.079440 50.0 344.6625 197 yes 4 9.387e-05 0.2183 [-74.6,73.7]
136 1.079440 60.0 344.6625 72 yes 1 8.541e-05 0.0000 none
137 1.079440 70.0 344.6625 67 yes 1 9.672e-05 0.0000 none
138 1.079440 80.0 344.6625 66 yes 1 9.220e-05 0.0000 none
139 1.079440 90.0 344.6625 66 yes 1 8.634e-05 0.0000 none
140 1.051940 0.0 351.3984 4 yes 1 9.565e-05 0.0000 [-90.0,90.0]
141 1.051940 10.0 351.3984 4 yes 1 9.576e-05 0.0000 [-90.0,90.0]
142 1.051940 20.0 351.3984 4 yes 1 9.587e-05 0.0000 [-90.0,90.0]
143 1.051940 30.0 351.3984 5 yes 1 9.367e-06 0.0182 [-90.0,90.0]
144 1.051940 40.0 351.3984 10 yes 1 1.201e-05 0.2693 [-90.0,90.0]
145 1.051940 50.0 351.3984 62 yes 2 9.668e-05 0.1174 [-90.0,90.0]
146 1.051940 60.0 351.3984 56 yes 1 8.884e-05 0.0389 [-48.2,48.1]
147 1.051940 70.0 351.3984 80 yes 1 8.755e-05 0.0000 none
148 1.051940 80.0 351.3984 72 yes 1 9.552e-05 0.0000 none
149 1.051940 90.0 351.3984 71 yes 1 8.900e-05 0.0000 none
