# case branch value orbits converged cycle_orbits max_dT_K asym_K ice_segments
0 warm 100000 51 yes 1 8.688e-05 0.0000 none
1 warm 79060.4 36 yes 1 9.874e-05 0.0000 none
2 warm 62505.5 36 yes 1 9.884e-05 0.0000 none
3 warm 49417.1 36 yes 1 9.884e-05 0.0000 none
4 warm 39069.4 36 yes 1 9.884e-05 0.0000 none
5 warm 30888.4 36 yes 1 9.884e-05 0.0000 none
6 warm 24420.5 36 yes 1 9.884e-05 0.0000 none
7 warm 19307 36 yes 1 9.884e-05 0.0000 none
8 warm 15264.2 36 yes 1 9.884e-05 0.0000 none
9 warm 12067.9 36 yes 1 9.884e-05 0.0000 none
10 warm 9540.95 36 yes 1 9.884e-05 0.0000 none
11 warm 7543.12 36 yes 1 9.884e-05 0.0000 none
12 warm 5963.62 36 yes 1 9.884e-05 0.0000 none
13 warm 4714.87 36 yes 1 9.884e-05 0.0000 none
14 warm 3727.59 36 yes 1 9.884e-05 0.0000 none
15 warm 2947.05 36 yes 1 9.884e-05 0.0000 none
16 warm 2329.95 36 yes 1 9.884e-05 0.0000 none
17 warm 1842.07 36 yes 1 9.884e-05 0.0000 none
18 warm 1456.35 36 yes 1 9.884e-05 0.0000 none
19 warm 1151.4 36 yes 1 9.884e-05 0.0000 none
20 warm 910.298 36 yes 1 9.884e-05 0.0000 none
21 warm 719.686 36 yes 1 9.884e-05 0.0000 none
22 warm 568.987 61 yes 1 9.918e-05 0.0000 none
23 warm 449.843 58 yes 1 9.676e-05 0.0000 none
24 warm 355.648 62 yes 1 8.751e-05 0.0000 none
25 warm 281.177 52 yes 1 9.427e-05 0.0000 [-90.0,-79.6];[79.6,90.0]
26 warm 222.3 72 yes 1 8.967e-05 0.0000 [-90.0,-75.3];[75.3,90.0]
27 warm 175.751 50 yes 1 9.214e-05 0.0000 [-90.0,-72.9];[72.9,90.0]
28 warm 138.95 52 yes 1 9.826e-05 0.0000 [-90.0,-69.8];[69.8,90.0]
29 warm 109.854 53 yes 1 8.772e-05 0.0000 [-90.0,-67.1];[67.1,90.0]
30 warm 86.8511 64 yes 1 9.314e-05 0.0000 [-90.0,-64.6];[64.6,90.0]
31 warm 68.6649 92 yes 1 9.741e-05 0.0000 [-90.0,-62.3];[62.3,90.0]
32 warm 54.2868 87 yes 1 9.063e-05 0.0000 [-90.0,-59.4];[59.4,90.0]
33 warm 42.9193 138 yes 1 8.965e-05 0.0000 [-90.0,-51.6];[51.6,90.0]
34 warm 33.9322 383 yes 1 8.391e-05 0.0000 [-90.0,-46.7];[46.7,90.0]
35 warm 26.827 156 yes 1 9.493e-05 0.0000 [-90.0,-41.1];[41.1,90.0]
36 warm 21.2095 59 yes 1 6.604e-05 0.0000 [-90.0,90.0]
37 warm 16.7683 4 yes 1 2.282e-06 0.0000 [-90.0,90.0]
38 warm 13.2571 4 yes 1 2.282e-06 0.0000 [-90.0,90.0]
39 warm 10.4811 4 yes 1 2.282e-06 0.0000 [-90.0,90.0]
40 warm 8.28643 4 yes 1 2.282e-06 0.0000 [-90.0,90.0]
41 warm 6.55129 4 yes 1 2.282e-06 0.0000 [-90.0,90.0]
42 warm 5.17947 4 yes 1 2.282e-06 0.0000 [-90.0,90.0]
43 warm 4.09492 4 yes 1 2.282e-06 0.0000 [-90.0,90.0]
44 warm 3.23746 4 yes 1 2.282e-06 0.0000 [-90.0,90.0]
45 warm 2.55955 4 yes 1 2.282e-06 0.0000 [-90.0,90.0]
46 warm 2.02359 4 yes 1 2.282e-06 0.0000 [-90.0,90.0]
47 warm 1.59986 4 yes 1 2.282e-06 0.0000 [-90.0,90.0]
48 warm 1.26486 4 yes 1 2.282e-06 0.0000 [-90.0,90.0]
49 warm 1 4 yes 1 2.282e-06 0.0000 [-90.0,90.0]
50 cold 1 4 yes 1 7.470e-06 0.0000 [-90.0,90.0]
51 cold 1.26486 4 yes 1 2.282e-06 0.0000 [-90.0,90.0]
52 cold 1.59986 4 yes 1 2.282e-06 0.0000 [-90.0,90.0]
53 cold 2.02359 4 yes 1 2.282e-06 0.0000 [-90.0,90.0]
54 cold 2.55955 4 yes 1 2.282e-06 0.0000 [-90.0,90.0]
55 cold 3.23746 4 yes 1 2.282e-06 0.0000 [-90.0,90.0]
56 cold 4.09492 4 yes 1 2.282e-06 0.0000 [-90.0,90.0]
57 cold 5.17947 4 yes 1 2.282e-06 0.0000 [-90.0,90.0]
58 cold 6.55129 4 yes 1 2.282e-06 0.0000 [-90.0,90.0]
59 cold 8.28643 4 yes 1 2.282e-06 0.0000 [-90.0,90.0]
60 cold 10.4811 4 yes 1 2.282e-06 0.0000 [-90.0,90.0]
61 cold 13.2571 4 yes 1 2.282e-06 0.0000 [-90.0,90.0]
62 cold 16.7683 4 yes 1 2.282e-06 0.0000 [-90.0,90.0]
63 cold 21.2095 4 yes 1 2.282e-06 0.0000 [-90.0,90.0]
64 cold 26.827 4 yes 1 2.282e-06 0.0000 [-90.0,90.0]
65 cold 33.9322 4 yes 1 2.282e-06 0.0000 [-90.0,90.0]
66 cold 42.9193 4 yes 1 2.282e-06 0.0000 [-90.0,90.0]
67 cold 54.2868 4 yes 1 2.282e-06 0.0000 [-90.0,90.0]
68 cold 68.6649 4 yes 1 2.282e-06 0.0000 [-90.0,90.0]
69 cold 86.8511 4 yes 1 2.282e-06 0.0000 [-90.0,90.0]
70 cold 109.854 4 yes 1 2.282e-06 0.0000 [-90.0,90.0]
71 cold 138.95 4 yes 1 2.282e-06 0.0000 [-90.0,90.0]
72 cold 175.751 4 yes 1 2.282e-06 0.0000 [-90.0,90.0]
73 cold 222.3 4 yes 1 2.282e-06 0.0000 [-90.0,90.0]
74 cold 281.177 4 yes 1 2.282e-06 0.0000 [-90.0,90.0]
75 cold 355.648 4 yes 1 2.282e-06 0.0000 [-90.0,90.0]
76 cold 449.843 4 yes 1 2.282e-06 0.0000 [-90.0,90.0]
77 cold 568.987 4 yes 1 2.282e-06 0.0000 [-90.0,90.0]
78 cold 719.686 4 yes 1 2.282e-06 0.0000 [-90.0,90.0]
79 cold 910.298 4 yes 1 2.282e-06 0.0000 [-90.0,90.0]
80 cold 1151.4 4 yes 1 2.282e-06 0.0000 [-90.0,90.0]
81 cold 1456.35 4 yes 1 2.282e-06 0.0000 [-90.0,90.0]
82 cold 1842.07 4 yes 1 2.282e-06 0.0000 [-90.0,90.0]
83 cold 2329.95 4 yes 1 2.282e-06 0.0000 [-90.0,90.0]
84 cold 2947.05 4 yes 1 2.282e-06 0.0000 [-90.0,90.0]
85 cold 3727.59 4 yes 1 2.282e-06 0.0000 [-90.0,90.0]
86 cold 4714.87 4 yes 1 2.282e-06 0.0000 [-90.0,90.0]
87 cold 5963.62 4 yes 1 2.282e-06 0.0000 [-90.0,90.0]
88 cold 7543.12 4 yes 1 2.282e-06 0.0000 [-90.0,90.0]
89 cold 9540.95 4 yes 1 2.282e-06 0.0000 [-90.0,90.0]
90 cold 12067.9 4 yes 1 2.282e-06 0.0000 [-90.0,90.0]
91 cold 15264.2 4 yes 1 2.282e-06 0.0000 [-90.0,90.0]
92 cold 19307 4 yes 1 2.282e-06 0.0000 [-90.0,90.0]
93 cold 24420.5 4 yes 1 2.282e-06 0.0000 [-90.0,90.0]
94 cold 30888.4 4 yes 1 2.282e-06 0.0000 [-90.0,90.0]
95 cold 39069.4 4 yes 1 2.282e-06 0.0000 [-90.0,90.0]
96 cold 49417.1 4 yes 1 2.282e-06 0.0000 [-90.0,90.0]
97 cold 62505.5 4 yes 1 2.282e-06 0.0000 [-90.0,90.0]
98 cold 79060.4 4 yes 1 2.282e-06 0.0000 [-90.0,90.0]
99 cold 100000 4 yes 1 2.282e-06 0.0000 [-90.0,90.0]
