# case inst obl period_days orbits converged cycle_orbits max_dT_K asym_K ice_segments
0 0.800000 0.0 365.0000 13 yes 1 8.279e-07 0.0000 [-90.0,90.0]
1 0.800000 10.0 365.0000 13 yes 1 6.464e-07 0.0000 [-90.0,90.0]
2 0.800000 20.0 365.0000 13 yes 1 3.919e-07 0.0000 [-90.0,90.0]
3 0.800000 30.0 365.0000 13 yes 1 1.003e-06 0.0000 [-90.0,90.0]
4 0.800000 40.0 365.0000 14 yes 1 1.082e-06 0.0000 [-90.0,90.0]
5 0.800000 50.0 365.0000 16 yes 1 3.337e-07 0.0000 [-90.0,90.0]
6 0.800000 60.0 365.0000 17 yes 1 2.382e-06 0.0000 [-90.0,90.0]
7 0.800000 70.0 365.0000 19 yes 1 7.422e-05 0.0000 [-90.0,90.0]
8 0.800000 80.0 365.0000 18 yes 1 3.258e-05 0.0000 [-90.0,90.0]
9 0.800000 90.0 365.0000 16 yes 1 1.798e-05 0.0000 [-90.0,90.0]
10 0.825000 0.0 365.0000 14 yes 1 1.136e-05 0.0000 [-90.0,90.0]
11 0.825000 10.0 365.0000 14 yes 1 7.162e-06 0.0000 [-90.0,90.0]
12 0.825000 20.0 365.0000 14 yes 1 4.490e-06 0.0000 [-90.0,90.0]
13 0.825000 30.0 365.0000 14 yes 1 3.851e-05 0.0000 [-90.0,90.0]
14 0.825000 40.0 365.0000 16 yes 1 2.020e-05 0.0000 [-90.0,90.0]
15 0.825000 50.0 365.0000 20 yes 1 1.767e-05 0.0000 [-90.0,90.0]
16 0.825000 60.0 365.0000 28 yes 1 4.691e-06 0.0000 [-90.0,90.0]
17 0.825000 70.0 365.0000 22 yes 1 5.566e-05 0.0000 [-90.0,90.0]
18 0.825000 80.0 365.0000 20 yes 1 7.257e-06 0.0000 [-90.0,90.0]
19 0.825000 90.0 365.0000 20 yes 1 5.290e-06 0.0000 [-90.0,90.0]
20 0.850000 0.0 365.0000 16 yes 1 1.386e-05 0.0000 [-90.0,90.0]
21 0.850000 10.0 365.0000 16 yes 1 6.334e-06 0.0000 [-90.0,90.0]
22 0.850000 20.0 365.0000 16 yes 1 4.252e-06 0.0000 [-90.0,90.0]
23 0.850000 30.0 365.0000 17 yes 1 1.985e-06 0.0000 [-90.0,90.0]
24 0.850000 40.0 365.0000 21 yes 1 4.724e-06 0.0000 [-90.0,90.0]
25 0.850000 50.0 365.0000 29 yes 1 3.613e-06 0.0000 [-90.0,90.0]
26 0.850000 60.0 365.0000 54 yes 1 8.474e-05 0.0000 none
27 0.850000 70.0 365.0000 54 yes 1 8.475e-05 0.0000 none
28 0.850000 80.0 365.0000 27 yes 1 1.832e-05 0.0000 [-90.0,90.0]
29 0.850000 90.0 365.0000 25 yes 1 2.532e-05 0.0000 [-90.0,90.0]
30 0.875000 0.0 365.0000 19 yes 1 4.550e-05 0.0000 [-90.0,90.0]
31 0.875000 10.0 365.0000 19 yes 1 1.753e-05 0.0000 [-90.0,90.0]
32 0.875000 20.0 365.0000 19 yes 1 7.344e-06 0.0000 [-90.0,90.0]
33 0.875000 30.0 365.0000 22 yes 1 1.788e-06 0.0000 [-90.0,90.0]
34 0.875000 40.0 365.0000 35 yes 1 2.404e-05 0.0000 [-90.0,90.0]
35 0.875000 50.0 365.0000 53 yes 1 8.940e-05 0.0000 none
36 0.875000 60.0 365.0000 53 yes 1 8.943e-05 0.0000 none
37 0.875000 70.0 365.0000 53 yes 1 8.945e-05 0.0000 none
38 0.875000 80.0 365.0000 53 yes 1 8.946e-05 0.0000 none
39 0.875000 90.0 365.0000 53 yes 1 8.946e-05 0.0000 none
40 0.900000 0.0 365.0000 25 yes 1 2.763e-05 0.0000 [-90.0,90.0]
41 0.900000 10.0 365.0000 25 yes 1 2.138e-06 0.0000 [-90.0,90.0]
42 0.900000 20.0 365.0000 25 yes 1 1.215e-06 0.0000 [-90.0,90.0]
43 0.900000 30.0 365.0000 43 yes 1 5.336e-06 0.0000 [-90.0,90.0]
44 0.900000 40.0 365.0000 100 yes 1 9.341e-05 0.0000 [-90.0,-59.2];[59.2,90.0]
45 0.900000 50.0 365.0000 52 yes 1 9.171e-05 0.0000 none
46 0.900000 60.0 365.0000 52 yes 1 9.174e-05 0.0000 none
47 0.900000 70.0 365.0000 52 yes 1 9.177e-05 0.0000 none
48 0.900000 80.0 365.0000 52 yes 1 9.178e-05 0.0000 none
49 0.900000 90.0 365.0000 52 yes 1 9.179e-05 0.0000 none
50 0.925000 0.0 365.0000 42 yes 1 3.721e-06 0.0000 [-90.0,90.0]
51 0.925000 10.0 365.0000 40 yes 1 1.029e-05 0.0000 [-90.0,90.0]
52 0.925000 20.0 365.0000 40 yes 1 7.310e-06 0.0000 [-90.0,90.0]
53 0.925000 30.0 365.0000 99 yes 1 9.629e-05 0.0000 [-90.0,-54.8];[54.8,90.0]
54 0.925000 40.0 365.0000 51 yes 1 9.022e-05 0.0000 none
55 0.925000 50.0 365.0000 51 yes 1 9.028e-05 0.0000 none
56 0.925000 60.0 365.0000 51 yes 1 9.033e-05 0.0000 none
57 0.925000 70.0 365.0000 51 yes 1 9.036e-05 0.0000 none
58 0.925000 80.0 365.0000 51 yes 1 9.039e-05 0.0000 none
59 0.925000 90.0 365.0000 51 yes 1 9.039e-05 0.0000 none
60 0.950000 0.0 365.0000 77 yes 1 9.358e-05 0.0000 [-90.0,-41.6];[41.6,90.0]
61 0.950000 10.0 365.0000 175 yes 1 9.851e-05 0.0000 [-90.0,-40.2];[40.2,90.0]
62 0.950000 20.0 365.0000 129 yes 1 8.807e-05 0.0000 [-90.0,-43.5];[43.5,90.0]
63 0.950000 30.0 365.0000 65 yes 1 9.947e-05 0.0000 [-90.0,-69.8];[69.8,90.0]
64 0.950000 40.0 365.0000 50 yes 1 8.319e-05 0.0000 none
65 0.950000 50.0 365.0000 50 yes 1 8.327e-05 0.0000 none
66 0.950000 60.0 365.0000 50 yes 1 8.334e-05 0.0000 none
67 0.950000 70.0 365.0000 50 yes 1 8.339e-05 0.0000 none
68 0.950000 80.0 365.0000 50 yes 1 8.342e-05 0.0000 none
69 0.950000 90.0 365.0000 50 yes 1 8.343e-05 0.0000 none
70 0.975000 0.0 365.0000 61 yes 1 8.373e-05 0.0000 [-90.0,-50.9];[50.9,90.0]
71 0.975000 10.0 365.0000 83 yes 1 8.652e-05 0.0000 [-90.0,-51.0];[51.0,90.0]
72 0.975000 20.0 365.0000 82 yes 1 9.542e-05 0.0000 [-90.0,-57.0];[57.0,90.0]
73 0.975000 30.0 365.0000 68 yes 1 8.774e-05 0.0000 none
74 0.975000 40.0 365.0000 48 yes 1 8.392e-05 0.0000 none
75 0.975000 50.0 365.0000 48 yes 1 8.408e-05 0.0000 none
76 0.975000 60.0 365.0000 48 yes 1 8.421e-05 0.0000 none
77 0.975000 70.0 365.0000 48 yes 1 8.430e-05 0.0000 none
78 0.975000 80.0 365.0000 48 yes 1 8.436e-05 0.0000 none
79 0.975000 90.0 365.0000 48 yes 1 8.438e-05 0.0000 none
80 1.000000 0.0 365.0000 60 yes 1 8.850e-05 0.0000 [-90.0,-57.5];[57.5,90.0]
81 1.000000 10.0 365.0000 72 yes 1 9.616e-05 0.0000 [-90.0,-59.2];[59.2,90.0]
82 1.000000 20.0 365.0000 109 yes 1 9.410e-05 0.0000 [-90.0,-69.8];[69.8,90.0]
83 1.000000 30.0 365.0000 44 yes 1 9.582e-05 0.0000 none
84 1.000000 40.0 365.0000 44 yes 1 9.648e-05 0.0000 none
85 1.000000 50.0 365.0000 44 yes 1 9.704e-05 0.0000 none
86 1.000000 60.0 365.0000 44 yes 1 9.750e-05 0.0000 none
87 1.000000 70.0 365.0000 44 yes 1 9.784e-05 0.0000 none
88 1.000000 80.0 365.0000 44 yes 1 9.805e-05 0.0000 none
89 1.000000 90.0 365.0000 44 yes 1 9.812e-05 0.0000 none
90 1.025000 0.0 365.0000 44 yes 1 8.781e-05 0.0000 [-90.0,-64.9];[64.9,90.0]
91 1.025000 10.0 365.0000 76 yes 1 8.617e-05 0.0000 [-90.0,-65.7];[65.7,90.0]
92 1.025000 20.0 365.0000 55 yes 1 9.850e-05 0.0000 none
93 1.025000 30.0 365.0000 34 yes 1 8.729e-05 0.0003 none
94 1.025000 40.0 365.0000 35 yes 1 7.797e-05 0.0002 none
95 1.025000 50.0 365.0000 35 yes 1 8.776e-05 0.0003 none
96 1.025000 60.0 365.0000 35 yes 1 9.572e-05 0.0003 none
97 1.025000 70.0 365.0000 36 yes 1 7.652e-05 0.0003 none
98 1.025000 80.0 365.0000 36 yes 1 7.914e-05 0.0003 none
99 1.025000 90.0 365.0000 36 yes 1 8.003e-05 0.0003 none
100 1.050000 0.0 365.0000 36 yes 1 8.142e-05 0.0000 [-90.0,-69.3];[69.3,90.0]
101 1.050000 10.0 365.0000 79 yes 1 9.189e-05 0.0000 [-90.0,-72.9];[72.9,90.0]
102 1.050000 20.0 365.0000 45 yes 1 8.402e-05 0.0000 none
103 1.050000 30.0 365.0000 45 yes 1 8.458e-05 0.0000 none
104 1.050000 40.0 365.0000 45 yes 1 8.508e-05 0.0000 none
105 1.050000 50.0 365.0000 45 yes 1 8.552e-05 0.0000 none
106 1.050000 60.0 365.0000 45 yes 1 8.587e-05 0.0000 none
107 1.050000 70.0 365.0000 45 yes 1 8.613e-05 0.0000 none
108 1.050000 80.0 365.0000 45 yes 1 8.629e-05 0.0000 none
109 1.050000 90.0 365.0000 45 yes 1 8.635e-05 0.0000 none
110 1.075000 0.0 365.0000 44 yes 1 9.839e-05 0.0000 [-90.0,-74.2];[74.2,90.0]
111 1.075000 10.0 365.0000 67 yes 1 8.432e-05 0.0000 none
112 1.075000 20.0 365.0000 48 yes 1 8.727e-05 0.0000 none
113 1.075000 30.0 365.0000 48 yes 1 8.749e-05 0.0000 none
114 1.075000 40.0 365.0000 48 yes 1 8.769e-05 0.0000 none
115 1.075000 50.0 365.0000 48 yes 1 8.787e-05 0.0000 none
116 1.075000 60.0 365.0000 48 yes 1 8.801e-05 0.0000 none
117 1.075000 70.0 365.0000 48 yes 1 8.811e-05 0.0000 none
118 1.075000 80.0 365.0000 48 yes 1 8.818e-05 0.0000 none
119 1.075000 90.0 365.0000 48 yes 1 8.820e-05 0.0000 none
120 1.100000 0.0 365.0000 62 yes 1 8.859e-05 0.0000 none
121 1.100000 10.0 365.0000 50 yes 1 8.612e-05 0.0000 none
122 1.100000 20.0 365.0000 50 yes 1 8.546e-05 0.0000 none
123 1.100000 30.0 365.0000 50 yes 1 8.558e-05 0.0000 none
124 1.100000 40.0 365.0000 50 yes 1 8.569e-05 0.0000 none
125 1.100000 50.0 365.0000 50 yes 1 8.579e-05 0.0000 none
126 1.100000 60.0 365.0000 50 yes 1 8.586e-05 0.0000 none
127 1.100000 70.0 365.0000 50 yes 1 8.592e-05 0.0000 none
128 1.100000 80.0 365.0000 50 yes 1 8.595e-05 0.0000 none
129 1.100000 90.0 365.0000 50 yes 1 8.597e-05 0.0000 none
130 1.125000 0.0 365.0000 51 yes 1 9.190e-05 0.0000 none
131 1.125000 10.0 365.0000 51 yes 1 9.199e-05 0.0000 none
132 1.125000 20.0 365.0000 51 yes 1 9.209e-05 0.0000 none
133 1.125000 30.0 365.0000 51 yes 1 9.218e-05 0.0000 none
134 1.125000 40.0 365.0000 51 yes 1 9.226e-05 0.0000 none
135 1.125000 50.0 365.0000 51 yes 1 9.233e-05 0.0000 none
136 1.125000 60.0 365.0000 51 yes 1 9.239e-05 0.0000 none
137 1.125000 70.0 365.0000 51 yes 1 9.243e-05 0.0000 none
138 1.125000 80.0 365.0000 51 yes 1 9.246e-05 0.0000 none
139 1.125000 90.0 365.0000 51 yes 1 9.247e-05 0.0000 none
140 1.150000 0.0 365.0000 52 yes 1 9.306e-05 0.0000 none
141 1.150000 10.0 365.0000 52 yes 1 9.313e-05 0.0000 none
142 1.150000 20.0 365.0000 52 yes 1 9.320e-05 0.0000 none
143 1.150000 30.0 365.0000 52 yes 1 9.327e-05 0.0000 none
144 1.150000 40.0 365.0000 52 yes 1 9.333e-05 0.0000 none
145 1.150000 50.0 365.0000 52 yes 1 9.338e-05 0.0000 none
146 1.150000 60.0 365.0000 52 yes 1 9.342e-05 0.0000 none
147 1.150000 70.0 365.0000 52 yes 1 9.346e-05 0.0000 none
148 1.150000 80.0 365.0000 52 yes 1 9.348e-05 0.0000 none
149 1.150000 90.0 365.0000 52 yes 1 9.348e-05 0.0000 none
150 1.175000 0.0 365.0000 53 yes 1 9.053e-05 0.0000 none
151 1.175000 10.0 365.0000 53 yes 1 9.058e-05 0.0000 none
152 1.175000 20.0 365.0000 53 yes 1 9.063e-05 0.0000 none
153 1.175000 30.0 365.0000 53 yes 1 9.068e-05 0.0000 none
154 1.175000 40.0 365.0000 53 yes 1 9.073e-05 0.0000 none
155 1.175000 50.0 365.0000 53 yes 1 9.077e-05 0.0000 none
156 1.175000 60.0 365.0000 53 yes 1 9.080e-05 0.0000 none
157 1.175000 70.0 365.0000 53 yes 1 9.082e-05 0.0000 none
158 1.175000 80.0 365.0000 53 yes 1 9.084e-05 0.0000 none
159 1.175000 90.0 365.0000 53 yes 1 9.084e-05 0.0000 none
160 1.200000 0.0 365.0000 54 yes 1 8.566e-05 0.0000 none
161 1.200000 10.0 365.0000 54 yes 1 8.569e-05 0.0000 none
162 1.200000 20.0 365.0000 54 yes 1 8.573e-05 0.0000 none
163 1.200000 30.0 365.0000 54 yes 1 8.577e-05 0.0000 none
164 1.200000 40.0 365.0000 54 yes 1 8.580e-05 0.0000 none
165 1.200000 50.0 365.0000 54 yes 1 8.583e-05 0.0000 none
166 1.200000 60.0 365.0000 54 yes 1 8.586e-05 0.0000 none
167 1.200000 70.0 365.0000 54 yes 1 8.588e-05 0.0000 none
168 1.200000 80.0 365.0000 54 yes 1 8.589e-05 0.0000 none
169 1.200000 90.0 365.0000 54 yes 1 8.589e-05 0.0000 none
170 1.225000 0.0 365.0000 54 yes 1 9.782e-05 0.0000 none
171 1.225000 10.0 365.0000 54 yes 1 9.785e-05 0.0000 none
172 1.225000 20.0 365.0000 54 yes 1 9.789e-05 0.0000 none
173 1.225000 30.0 365.0000 54 yes 1 9.793e-05 0.0000 none
174 1.225000 40.0 365.0000 54 yes 1 9.797e-05 0.0000 none
175 1.225000 50.0 365.0000 54 yes 1 9.800e-05 0.0000 none
176 1.225000 60.0 365.0000 54 yes 1 9.802e-05 0.0000 none
177 1.225000 70.0 365.0000 54 yes 1 9.804e-05 0.0000 none
178 1.225000 80.0 365.0000 54 yes 1 9.805e-05 0.0000 none
179 1.225000 90.0 365.0000 54 yes 1 9.806e-05 0.0000 none
180 1.250000 0.0 365.0000 55 yes 1 8.929e-05 0.0000 none
181 1.250000 10.0 365.0000 55 yes 1 8.931e-05 0.0000 none
182 1.250000 20.0 365.0000 55 yes 1 8.934e-05 0.0000 none
183 1.250000 30.0 365.0000 55 yes 1 8.937e-05 0.0000 none
184 1.250000 40.0 365.0000 55 yes 1 8.940e-05 0.0000 none
185 1.250000 50.0 365.0000 55 yes 1 8.942e-05 0.0000 none
186 1.250000 60.0 365.0000 55 yes 1 8.944e-05 0.0000 none
187 1.250000 70.0 365.0000 55 yes 1 8.945e-05 0.0000 none
188 1.250000 80.0 365.0000 55 yes 1 8.946e-05 0.0000 none
189 1.250000 90.0 365.0000 55 yes 1 8.946e-05 0.0000 none
