# case branch value orbits converged cycle_orbits max_dT_K asym_K ice_segments
0 warm 100000 27 yes 1 6.755e-05 1.4128 none
1 warm 79060.4 21 yes 1 8.448e-05 1.4129 none
2 warm 62505.5 21 yes 1 8.450e-05 1.4129 none
3 warm 49417.1 21 yes 1 8.450e-05 1.4129 none
4 warm 39069.4 21 yes 1 8.450e-05 1.4129 none
5 warm 30888.4 21 yes 1 8.450e-05 1.4129 none
6 warm 24420.5 22 yes 1 8.577e-05 1.4095 none
7 warm 19307 25 yes 1 8.604e-05 1.4380 none
8 warm 15264.2 27 yes 1 9.577e-05 1.5334 none
9 warm 12067.9 28 yes 1 8.951e-05 1.6096 none
10 warm 9540.95 32 yes 1 9.640e-05 1.8191 none
11 warm 7543.12 36 yes 1 8.498e-05 2.0035 none
12 warm 5963.62 28 yes 1 7.697e-05 2.2528 none
13 warm 4714.87 29 yes 1 8.798e-05 2.5612 none
14 warm 3727.59 32 yes 1 7.816e-05 2.6699 [77.9,90.0]
15 warm 2947.05 28 yes 1 8.818e-05 2.8404 [74.6,90.0]
16 warm 2329.95 28 yes 1 8.391e-05 2.9635 [-90.0,-79.9];[71.6,90.0]
17 warm 1842.07 31 yes 1 9.818e-05 3.2590 [-90.0,-76.7];[69.1,90.0]
18 warm 1456.35 35 yes 1 8.164e-05 3.2240 [-90.0,-73.4];[66.9,90.0]
19 warm 1151.4 32 yes 1 8.761e-05 3.4304 [-90.0,-71.0];[64.8,90.0]
20 warm 910.298 35 yes 1 9.842e-05 3.5665 [-90.0,-68.6];[62.7,90.0]
21 warm 719.686 32 yes 1 7.775e-05 3.6288 [-90.0,-66.3];[60.7,90.0]
22 warm 568.987 40 yes 1 8.614e-05 3.7945 [-90.0,-64.5];[58.9,90.0]
23 warm 449.843 32 yes 1 7.650e-05 3.7714 [-90.0,-62.2];[57.0,90.0]
24 warm 355.648 34 yes 1 9.646e-05 3.8179 [-90.0,-60.1];[55.0,90.0]
25 warm 281.177 35 yes 1 7.608e-05 3.8494 [-90.0,-57.8];[53.0,90.0]
26 warm 222.3 41 yes 1 8.087e-05 3.8403 [-90.0,-55.5];[50.8,90.0]
27 warm 175.751 50 yes 1 9.226e-05 3.8298 [-90.0,-52.8];[48.4,90.0]
28 warm 138.95 111 yes 1 9.856e-05 1.9223 [-90.0,-43.6];[41.8,90.0]
29 warm 109.854 41 yes 1 6.961e-06 0.0000 [-90.0,90.0]
30 warm 86.8511 4 yes 1 2.283e-06 0.0000 [-90.0,90.0]
31 warm 68.6649 4 yes 1 2.283e-06 0.0000 [-90.0,90.0]
32 warm 54.2868 4 yes 1 2.283e-06 0.0000 [-90.0,90.0]
33 warm 42.9193 4 yes 1 2.283e-06 0.0000 [-90.0,90.0]
34 warm 33.9322 4 yes 1 2.283e-06 0.0000 [-90.0,90.0]
35 warm 26.827 4 yes 1 2.283e-06 0.0000 [-90.0,90.0]
36 warm 21.2095 4 yes 1 2.283e-06 0.0000 [-90.0,90.0]
37 warm 16.7683 4 yes 1 2.283e-06 0.0000 [-90.0,90.0]
38 warm 13.2571 4 yes 1 2.283e-06 0.0000 [-90.0,90.0]
39 warm 10.4811 4 yes 1 2.283e-06 0.0000 [-90.0,90.0]
40 warm 8.28643 4 yes 1 2.283e-06 0.0000 [-90.0,90.0]
41 warm 6.55129 4 yes 1 2.283e-06 0.0000 [-90.0,90.0]
42 warm 5.17947 4 yes 1 2.283e-06 0.0000 [-90.0,90.0]
43 warm 4.09492 4 yes 1 2.283e-06 0.0000 [-90.0,90.0]
44 warm 3.23746 4 yes 1 2.283e-06 0.0000 [-90.0,90.0]
45 warm 2.55955 4 yes 1 2.283e-06 0.0000 [-90.0,90.0]
46 warm 2.02359 4 yes 1 2.283e-06 0.0000 [-90.0,90.0]
47 warm 1.59986 4 yes 1 2.283e-06 0.0000 [-90.0,90.0]
48 warm 1.26486 4 yes 1 2.283e-06 0.0000 [-90.0,90.0]
49 warm 1 4 yes 1 2.283e-06 0.0000 [-90.0,90.0]
50 cold 1 4 yes 1 7.443e-06 0.0000 [-90.0,90.0]
51 cold 1.26486 4 yes 1 2.283e-06 0.0000 [-90.0,90.0]
52 cold 1.59986 4 yes 1 2.283e-06 0.0000 [-90.0,90.0]
53 cold 2.02359 4 yes 1 2.283e-06 0.0000 [-90.0,90.0]
54 cold 2.55955 4 yes 1 2.283e-06 0.0000 [-90.0,90.0]
55 cold 3.23746 4 yes 1 2.283e-06 0.0000 [-90.0,90.0]
56 cold 4.09492 4 yes 1 2.283e-06 0.0000 [-90.0,90.0]
57 cold 5.17947 4 yes 1 2.283e-06 0.0000 [-90.0,90.0]
58 cold 6.55129 4 yes 1 2.283e-06 0.0000 [-90.0,90.0]
59 cold 8.28643 4 yes 1 2.283e-06 0.0000 [-90.0,90.0]
60 cold 10.4811 4 yes 1 2.283e-06 0.0000 [-90.0,90.0]
61 cold 13.2571 4 yes 1 2.283e-06 0.0000 [-90.0,90.0]
62 cold 16.7683 4 yes 1 2.283e-06 0.0000 [-90.0,90.0]
63 cold 21.2095 4 yes 1 2.283e-06 0.0000 [-90.0,90.0]
64 cold 26.827 4 yes 1 2.283e-06 0.0000 [-90.0,90.0]
65 cold 33.9322 4 yes 1 2.283e-06 0.0000 [-90.0,90.0]
66 cold 42.9193 4 yes 1 2.283e-06 0.0000 [-90.0,90.0]
67 cold 54.2868 4 yes 1 2.283e-06 0.0000 [-90.0,90.0]
68 cold 68.6649 4 yes 1 2.283e-06 0.0000 [-90.0,90.0]
69 cold 86.8511 4 yes 1 2.283e-06 0.0000 [-90.0,90.0]
70 cold 109.854 4 yes 1 2.283e-06 0.0000 [-90.0,90.0]
71 cold 138.95 4 yes 1 2.283e-06 0.0000 [-90.0,90.0]
72 cold 175.751 4 yes 1 2.283e-06 0.0000 [-90.0,90.0]
73 cold 222.3 4 yes 1 2.283e-06 0.0000 [-90.0,90.0]
74 cold 281.177 4 yes 1 2.283e-06 0.0000 [-90.0,90.0]
75 cold 355.648 4 yes 1 2.283e-06 0.0000 [-90.0,90.0]
76 cold 449.843 4 yes 1 2.283e-06 0.0000 [-90.0,90.0]
77 cold 568.987 4 yes 1 2.283e-06 0.0000 [-90.0,90.0]
78 cold 719.686 4 yes 1 2.283e-06 0.0000 [-90.0,90.0]
79 cold 910.298 4 yes 1 2.283e-06 0.0000 [-90.0,90.0]
80 cold 1151.4 4 yes 1 2.283e-06 0.0000 [-90.0,90.0]
81 cold 1456.35 4 yes 1 2.283e-06 0.0000 [-90.0,90.0]
82 cold 1842.07 4 yes 1 2.283e-06 0.0000 [-90.0,90.0]
83 cold 2329.95 4 yes 1 2.283e-06 0.0000 [-90.0,90.0]
84 cold 2947.05 4 yes 1 2.283e-06 0.0000 [-90.0,90.0]
85 cold 3727.59 4 yes 1 2.283e-06 0.0000 [-90.0,90.0]
86 cold 4714.87 4 yes 1 2.283e-06 0.0000 [-90.0,90.0]
87 cold 5963.62 4 yes 1 2.283e-06 0.0000 [-90.0,90.0]
88 cold 7543.12 4 yes 1 2.283e-06 0.0000 [-90.0,90.0]
89 cold 9540.95 4 yes 1 2.283e-06 0.0000 [-90.0,90.0]
90 cold 12067.9 4 yes 1 2.283e-06 0.0000 [-90.0,90.0]
91 cold 15264.2 4 yes 1 2.283e-06 0.0000 [-90.0,90.0]
92 cold 19307 4 yes 1 2.283e-06 0.0000 [-90.0,90.0]
93 cold 24420.5 4 yes 1 2.283e-06 0.0000 [-90.0,90.0]
94 cold 30888.4 4 yes 1 2.283e-06 0.0000 [-90.0,90.0]
95 cold 39069.4 4 yes 1 2.283e-06 0.0000 [-90.0,90.0]
96 cold 49417.1 4 yes 1 2.283e-06 0.0000 [-90.0,90.0]
97 cold 62505.5 4 yes 1 2.283e-06 0.0000 [-90.0,90.0]
98 cold 79060.4 4 yes 1 2.283e-06 0.0000 [-90.0,90.0]
99 cold 100000 4 yes 1 2.283e-06 0.0000 [-90.0,90.0]
