# case branch value orbits converged cycle_orbits max_dT_K asym_K ice_segments
0 warm 2041.5 59 yes 1 8.169e-05 0.0000 none
1 warm 2024.49 41 yes 1 9.140e-05 0.0000 none
2 warm 2007.48 41 yes 1 9.143e-05 0.0000 none
3 warm 1990.46 41 yes 1 9.143e-05 0.0000 none
4 warm 1973.45 41 yes 1 9.143e-05 0.0000 none
5 warm 1956.44 41 yes 1 9.143e-05 0.0000 none
6 warm 1939.42 41 yes 1 9.143e-05 0.0000 none
7 warm 1922.41 41 yes 1 9.143e-05 0.0000 none
8 warm 1905.4 41 yes 1 9.143e-05 0.0000 none
9 warm 1888.39 41 yes 1 9.143e-05 0.0000 none
10 warm 1871.38 41 yes 1 9.143e-05 0.0000 none
11 warm 1854.36 41 yes 1 9.143e-05 0.0000 none
12 warm 1837.35 41 yes 1 9.143e-05 0.0000 none
13 warm 1820.34 41 yes 1 9.143e-05 0.0000 none
14 warm 1803.33 41 yes 1 9.143e-05 0.0000 none
15 warm 1786.31 41 yes 1 9.143e-05 0.0000 none
16 warm 1769.3 41 yes 1 9.143e-05 0.0000 none
17 warm 1752.29 41 yes 1 9.143e-05 0.0000 none
18 warm 1735.27 41 yes 1 9.143e-05 0.0000 none
19 warm 1718.26 41 yes 1 9.143e-05 0.0000 none
20 warm 1701.25 41 yes 1 9.143e-05 0.0000 none
21 warm 1684.24 41 yes 1 9.143e-05 0.0000 none
22 warm 1667.23 41 yes 1 9.143e-05 0.0000 none
23 warm 1650.21 41 yes 1 9.143e-05 0.0000 none
24 warm 1633.2 41 yes 1 9.143e-05 0.0000 none
25 warm 1616.19 41 yes 1 9.143e-05 0.0000 none
26 warm 1599.17 41 yes 1 9.143e-05 0.0000 none
27 warm 1582.16 41 yes 1 9.143e-05 0.0000 none
28 warm 1565.15 41 yes 1 9.143e-05 0.0000 none
29 warm 1548.14 41 yes 1 9.143e-05 0.0000 none
30 warm 1531.12 41 yes 1 9.143e-05 0.0000 none
31 warm 1514.11 41 yes 1 9.143e-05 0.0000 none
32 warm 1497.1 41 yes 1 9.143e-05 0.0000 none
33 warm 1480.09 41 yes 1 9.143e-05 0.0000 none
34 warm 1463.08 41 yes 1 9.143e-05 0.0000 none
35 warm 1446.06 41 yes 1 9.143e-05 0.0000 none
36 warm 1429.05 41 yes 1 9.143e-05 0.0000 none
37 warm 1412.04 41 yes 1 9.143e-05 0.0000 none
38 warm 1395.02 41 yes 1 9.143e-05 0.0000 none
39 warm 1378.01 68 yes 1 9.934e-05 0.0005 none
40 warm 1361 78 yes 1 9.227e-05 0.0035 [-90.0,-79.6];[79.6,90.0]
41 warm 1343.99 79 yes 1 8.676e-05 0.0167 [-90.0,-72.5];[72.6,90.0]
42 warm 1326.97 67 yes 1 9.003e-05 0.0020 [-90.0,-66.5];[66.5,90.0]
43 warm 1309.96 81 yes 1 8.902e-05 0.0143 [-90.0,-61.1];[61.1,90.0]
44 warm 1292.95 118 yes 1 9.765e-05 0.0094 [-90.0,-47.9];[47.9,90.0]
45 warm 1275.94 68 yes 1 1.398e-06 0.0000 [-90.0,90.0]
46 warm 1258.92 4 yes 1 3.091e-06 0.0000 [-90.0,90.0]
47 warm 1241.91 4 yes 1 3.091e-06 0.0000 [-90.0,90.0]
48 warm 1224.9 4 yes 1 3.091e-06 0.0000 [-90.0,90.0]
49 warm 1207.89 4 yes 1 3.091e-06 0.0000 [-90.0,90.0]
50 warm 1190.88 4 yes 1 3.091e-06 0.0000 [-90.0,90.0]
51 warm 1173.86 4 yes 1 3.091e-06 0.0000 [-90.0,90.0]
52 warm 1156.85 4 yes 1 3.091e-06 0.0000 [-90.0,90.0]
53 warm 1139.84 4 yes 1 3.091e-06 0.0000 [-90.0,90.0]
54 warm 1122.83 4 yes 1 3.091e-06 0.0000 [-90.0,90.0]
55 warm 1105.81 4 yes 1 3.091e-06 0.0000 [-90.0,90.0]
56 warm 1088.8 4 yes 1 3.091e-06 0.0000 [-90.0,90.0]
57 cold 1088.8 4 yes 1 2.133e-06 0.0000 [-90.0,90.0]
58 cold 1105.81 4 yes 1 3.091e-06 0.0000 [-90.0,90.0]
59 cold 1122.83 4 yes 1 3.091e-06 0.0000 [-90.0,90.0]
60 cold 1139.84 4 yes 1 3.091e-06 0.0000 [-90.0,90.0]
61 cold 1156.85 4 yes 1 3.091e-06 0.0000 [-90.0,90.0]
62 cold 1173.86 4 yes 1 3.091e-06 0.0000 [-90.0,90.0]
63 cold 1190.88 4 yes 1 3.091e-06 0.0000 [-90.0,90.0]
64 cold 1207.89 4 yes 1 3.091e-06 0.0000 [-90.0,90.0]
65 cold 1224.9 4 yes 1 3.091e-06 0.0000 [-90.0,90.0]
66 cold 1241.91 4 yes 1 3.091e-06 0.0000 [-90.0,90.0]
67 cold 1258.92 4 yes 1 3.091e-06 0.0000 [-90.0,90.0]
68 cold 1275.94 4 yes 1 3.091e-06 0.0000 [-90.0,90.0]
69 cold 1292.95 4 yes 1 3.091e-06 0.0000 [-90.0,90.0]
70 cold 1309.96 4 yes 1 3.091e-06 0.0000 [-90.0,90.0]
71 cold 1326.97 4 yes 1 3.091e-06 0.0000 [-90.0,90.0]
72 cold 1343.99 4 yes 1 3.091e-06 0.0000 [-90.0,90.0]
73 cold 1361 4 yes 1 3.091e-06 0.0000 [-90.0,90.0]
74 cold 1378.01 4 yes 1 3.091e-06 0.0000 [-90.0,90.0]
75 cold 1395.02 4 yes 1 3.091e-06 0.0000 [-90.0,90.0]
76 cold 1412.04 4 yes 1 3.091e-06 0.0000 [-90.0,90.0]
77 cold 1429.05 4 yes 1 3.091e-06 0.0000 [-90.0,90.0]
78 cold 1446.06 4 yes 1 3.091e-06 0.0000 [-90.0,90.0]
79 cold 1463.08 4 yes 1 3.091e-06 0.0000 [-90.0,90.0]
80 cold 1480.09 4 yes 1 3.091e-06 0.0000 [-90.0,90.0]
81 cold 1497.1 4 yes 1 3.091e-06 0.0000 [-90.0,90.0]
82 cold 1514.11 4 yes 1 3.091e-06 0.0000 [-90.0,90.0]
83 cold 1531.12 4 yes 1 3.091e-06 0.0000 [-90.0,90.0]
84 cold 1548.14 4 yes 1 3.091e-06 0.0000 [-90.0,90.0]
85 cold 1565.15 4 yes 1 3.091e-06 0.0000 [-90.0,90.0]
86 cold 1582.16 4 yes 1 3.091e-06 0.0000 [-90.0,90.0]
87 cold 1599.17 4 yes 1 3.091e-06 0.0000 [-90.0,90.0]
88 cold 1616.19 7 yes 1 7.119e-05 0.0122 [-90.0,90.0]
89 cold 1633.2 62 yes 1 8.832e-05 0.0000 none
90 cold 1650.21 41 yes 1 9.143e-05 0.0000 none
91 cold 1667.23 41 yes 1 9.143e-05 0.0000 none
92 cold 1684.24 41 yes 1 9.143e-05 0.0000 none
93 cold 1701.25 41 yes 1 9.143e-05 0.0000 none
94 cold 1718.26 41 yes 1 9.143e-05 0.0000 none
95 cold 1735.27 41 yes 1 9.143e-05 0.0000 none
96 cold 1752.29 41 yes 1 9.143e-05 0.0000 none
97 cold 1769.3 41 yes 1 9.143e-05 0.0000 none
98 cold 1786.31 41 yes 1 9.143e-05 0.0000 none
99 cold 1803.33 41 yes 1 9.143e-05 0.0000 none
100 cold 1820.34 41 yes 1 9.143e-05 0.0000 none
101 cold 1837.35 41 yes 1 9.143e-05 0.0000 none
102 cold 1854.36 41 yes 1 9.143e-05 0.0000 none
103 cold 1871.38 41 yes 1 9.143e-05 0.0000 none
104 cold 1888.39 41 yes 1 9.143e-05 0.0000 none
105 cold 1905.4 41 yes 1 9.143e-05 0.0000 none
106 cold 1922.41 41 yes 1 9.143e-05 0.0000 none
107 cold 1939.42 41 yes 1 9.143e-05 0.0000 none
108 cold 1956.44 41 yes 1 9.143e-05 0.0000 none
109 cold 1973.45 41 yes 1 9.143e-05 0.0000 none
110 cold 1990.46 41 yes 1 9.143e-05 0.0000 none
111 cold 2007.48 41 yes 1 9.143e-05 0.0000 none
112 cold 2024.49 41 yes 1 9.143e-05 0.0000 none
113 cold 2041.5 41 yes 1 9.143e-05 0.0000 none
