# case inst obl period_days orbits converged cycle_orbits max_dT_K asym_K ice_segments
0 1.306122 0.0 298.7480 67 yes 1 8.904e-05 0.0000 none
1 1.306122 10.0 298.7480 67 yes 1 8.906e-05 0.0000 none
2 1.306122 20.0 298.7480 67 yes 1 8.908e-05 0.0000 none
3 1.306122 30.0 298.7480 67 yes 1 8.910e-05 0.0000 none
4 1.306122 40.0 298.7480 67 yes 1 8.912e-05 0.0000 none
5 1.306122 50.0 298.7480 67 yes 1 8.913e-05 0.0000 none
6 1.306122 60.0 298.7480 67 yes 1 8.914e-05 0.0000 none
7 1.306122 70.0 298.7480 67 yes 1 8.915e-05 0.0000 none
8 1.306122 80.0 298.7480 67 yes 1 8.916e-05 0.0000 none
9 1.306122 90.0 298.7480 67 yes 1 8.916e-05 0.0000 none
10 1.269589 0.0 305.1725 65 yes 1 8.824e-05 0.0000 none
11 1.269589 10.0 305.1725 65 yes 1 8.826e-05 0.0000 none
12 1.269589 20.0 305.1725 65 yes 1 8.829e-05 0.0000 none
13 1.269589 30.0 305.1725 65 yes 1 8.831e-05 0.0000 none
14 1.269589 40.0 305.1725 65 yes 1 8.833e-05 0.0000 none
15 1.269589 50.0 305.1725 65 yes 1 8.835e-05 0.0000 none
16 1.269589 60.0 305.1725 65 yes 1 8.837e-05 0.0000 none
17 1.269589 70.0 305.1725 65 yes 1 8.838e-05 0.0000 none
18 1.269589 80.0 305.1725 65 yes 1 8.838e-05 0.0000 none
19 1.269589 90.0 305.1725 65 yes 1 8.839e-05 0.0000 none
20 1.234568 0.0 311.6425 63 yes 1 8.725e-05 0.0000 none
21 1.234568 10.0 311.6425 63 yes 1 8.727e-05 0.0000 none
22 1.234568 20.0 311.6425 63 yes 1 8.730e-05 0.0000 none
23 1.234568 30.0 311.6425 63 yes 1 8.733e-05 0.0000 none
24 1.234568 40.0 311.6425 63 yes 1 8.735e-05 0.0000 none
25 1.234568 50.0 311.6425 63 yes 1 8.738e-05 0.0000 none
26 1.234568 60.0 311.6425 63 yes 1 8.739e-05 0.0000 none
27 1.234568 70.0 311.6425 63 yes 1 8.741e-05 0.0000 none
28 1.234568 80.0 311.6425 63 yes 1 8.741e-05 0.0000 none
29 1.234568 90.0 311.6425 63 yes 1 8.742e-05 0.0000 none
30 1.200976 0.0 318.1575 61 yes 1 8.566e-05 0.0000 none
31 1.200976 10.0 318.1575 61 yes 1 8.569e-05 0.0000 none
32 1.200976 20.0 318.1575 61 yes 1 8.573e-05 0.0000 none
33 1.200976 30.0 318.1575 61 yes 1 8.576e-05 0.0000 none
34 1.200976 40.0 318.1575 61 yes 1 8.579e-05 0.0000 none
35 1.200976 50.0 318.1575 61 yes 1 8.582e-05 0.0000 none
36 1.200976 60.0 318.1575 61 yes 1 8.584e-05 0.0000 none
37 1.200976 70.0 318.1575 61 yes 1 8.586e-05 0.0000 none
38 1.200976 80.0 318.1575 61 yes 1 8.587e-05 0.0000 none
39 1.200976 90.0 318.1575 61 yes 1 8.587e-05 0.0000 none
40 1.168736 0.0 324.7173 58 yes 1 9.982e-05 0.0000 none
41 1.168736 10.0 324.7173 58 yes 1 9.987e-05 0.0000 none
42 1.168736 20.0 324.7173 58 yes 1 9.993e-05 0.0000 none
43 1.168736 30.0 324.7173 58 yes 1 9.999e-05 0.0000 none
44 1.168736 40.0 324.7173 59 yes 1 8.309e-05 0.0000 none
45 1.168736 50.0 324.7173 59 yes 1 8.313e-05 0.0000 none
46 1.168736 60.0 324.7173 59 yes 1 8.316e-05 0.0000 none
47 1.168736 70.0 324.7173 59 yes 1 8.318e-05 0.0000 none
48 1.168736 80.0 324.7173 59 yes 1 8.319e-05 0.0000 none
49 1.168736 90.0 324.7173 59 yes 1 8.319e-05 0.0000 none
50 1.137778 0.0 331.3216 56 yes 1 9.448e-05 0.0000 none
51 1.137778 10.0 331.3216 56 yes 1 9.455e-05 0.0000 none
52 1.137778 20.0 331.3216 56 yes 1 9.464e-05 0.0000 none
53 1.137778 30.0 331.3216 56 yes 1 9.471e-05 0.0000 none
54 1.137778 40.0 331.3216 56 yes 1 9.478e-05 0.0000 none
55 1.137778 50.0 331.3216 56 yes 1 9.484e-05 0.0000 none
56 1.137778 60.0 331.3216 56 yes 1 9.489e-05 0.0000 none
57 1.137778 70.0 331.3216 56 yes 1 9.493e-05 0.0000 none
58 1.137778 80.0 331.3216 56 yes 1 9.495e-05 0.0000 none
59 1.137778 90.0 331.3216 56 yes 1 9.496e-05 0.0000 none
60 1.108033 0.0 337.9701 55 yes 1 8.614e-05 0.0000 none
61 1.108033 10.0 337.9701 54 yes 1 8.528e-05 0.0000 none
62 1.108033 20.0 337.9701 54 yes 1 8.538e-05 0.0000 none
63 1.108033 30.0 337.9701 54 yes 1 8.548e-05 0.0000 none
64 1.108033 40.0 337.9701 54 yes 1 8.558e-05 0.0000 none
65 1.108033 50.0 337.9701 54 yes 1 8.566e-05 0.0000 none
66 1.108033 60.0 337.9701 54 yes 1 8.572e-05 0.0000 none
67 1.108033 70.0 337.9701 54 yes 1 8.577e-05 0.0000 none
68 1.108033 80.0 337.9701 54 yes 1 8.580e-05 0.0000 none
69 1.108033 90.0 337.9701 54 yes 1 8.581e-05 0.0000 none
70 1.079440 0.0 344.6625 50 yes 1 8.762e-05 0.0000 [-90.0,-77.7];[77.7,90.0]
71 1.079440 10.0 344.6625 64 yes 1 8.398e-05 0.0000 none
72 1.079440 20.0 344.6625 51 yes 1 8.507e-05 0.0000 none
73 1.079440 30.0 344.6625 51 yes 1 8.525e-05 0.0000 none
74 1.079440 40.0 344.6625 51 yes 1 8.542e-05 0.0000 none
75 1.079440 50.0 344.6625 51 yes 1 8.557e-05 0.0000 none
76 1.079440 60.0 344.6625 51 yes 1 8.568e-05 0.0000 none
77 1.079440 70.0 344.6625 51 yes 1 8.577e-05 0.0000 none
78 1.079440 80.0 344.6625 51 yes 1 8.582e-05 0.0000 none
79 1.079440 90.0 344.6625 51 yes 1 8.584e-05 0.0000 none
80 1.051940 0.0 351.3984 44 yes 1 8.646e-05 0.0000 [-90.0,-71.6];[71.6,90.0]
81 1.051940 10.0 351.3984 75 yes 1 9.071e-05 0.0000 [-90.0,-74.0];[74.0,90.0]
82 1.051940 20.0 351.3984 46 yes 1 9.961e-05 0.0000 none
83 1.051940 30.0 351.3984 47 yes 1 8.186e-05 0.0000 none
84 1.051940 40.0 351.3984 47 yes 1 8.229e-05 0.0000 none
85 1.051940 50.0 351.3984 47 yes 1 8.266e-05 0.0000 none
86 1.051940 60.0 351.3984 47 yes 1 8.295e-05 0.0000 none
87 1.051940 70.0 351.3984 47 yes 1 8.317e-05 0.0000 none
88 1.051940 80.0 351.3984 47 yes 1 8.331e-05 0.0000 none
89 1.051940 90.0 351.3984 47 yes 1 8.335e-05 0.0000 none
90 1.025477 0.0 358.1777 45 yes 1 8.294e-05 0.0000 [-90.0,-64.9];[64.9,90.0]
91 1.025477 10.0 358.1777 74 yes 1 8.759e-05 0.0000 [-90.0,-65.8];[65.8,90.0]
92 1.025477 20.0 358.1777 53 yes 1 9.367e-05 0.0000 none
93 1.025477 30.0 358.1777 35 yes 1 9.016e-05 0.0002 none
94 1.025477 40.0 358.1777 36 yes 1 7.968e-05 0.0002 none
95 1.025477 50.0 358.1777 36 yes 1 8.811e-05 0.0002 none
96 1.025477 60.0 358.1777 36 yes 1 9.496e-05 0.0003 none
97 1.025477 70.0 358.1777 37 yes 1 7.646e-05 0.0002 none
98 1.025477 80.0 358.1777 37 yes 1 7.873e-05 0.0002 none
99 1.025477 90.0 358.1777 37 yes 1 7.950e-05 0.0002 none
100 1.000000 0.0 365.0000 60 yes 1 8.850e-05 0.0000 [-90.0,-57.5];[57.5,90.0]
101 1.000000 10.0 365.0000 72 yes 1 9.616e-05 0.0000 [-90.0,-59.2];[59.2,90.0]
102 1.000000 20.0 365.0000 109 yes 1 9.410e-05 0.0000 [-90.0,-69.8];[69.8,90.0]
103 1.000000 30.0 365.0000 44 yes 1 9.582e-05 0.0000 none
104 1.000000 40.0 365.0000 44 yes 1 9.648e-05 0.0000 none
105 1.000000 50.0 365.0000 44 yes 1 9.704e-05 0.0000 none
106 1.000000 60.0 365.0000 44 yes 1 9.750e-05 0.0000 none
107 1.000000 70.0 365.0000 44 yes 1 9.784e-05 0.0000 none
108 1.000000 80.0 365.0000 44 yes 1 9.805e-05 0.0000 none
109 1.000000 90.0 365.0000 44 yes 1 9.812e-05 0.0000 none
110 0.975461 0.0 371.8651 62 yes 1 9.795e-05 0.0000 [-90.0,-50.9];[50.9,90.0]
111 0.975461 10.0 371.8651 86 yes 1 9.127e-05 0.0000 [-90.0,-51.1];[51.1,90.0]
112 0.975461 20.0 371.8651 84 yes 1 9.813e-05 0.0000 [-90.0,-57.1];[57.1,90.0]
113 0.975461 30.0 371.8651 101 yes 1 9.439e-05 0.0000 none
114 0.975461 40.0 371.8651 47 yes 1 8.733e-05 0.0000 none
115 0.975461 50.0 371.8651 47 yes 1 8.750e-05 0.0000 none
116 0.975461 60.0 371.8651 47 yes 1 8.764e-05 0.0000 none
117 0.975461 70.0 371.8651 47 yes 1 8.774e-05 0.0000 none
118 0.975461 80.0 371.8651 47 yes 1 8.780e-05 0.0000 none
119 0.975461 90.0 371.8651 47 yes 1 8.783e-05 0.0000 none
120 0.951814 0.0 378.7727 59 yes 1 9.162e-05 0.0000 [-90.0,-43.2];[43.2,90.0]
121 0.951814 10.0 378.7727 106 yes 1 9.784e-05 0.0000 [-90.0,-41.6];[41.6,90.0]
122 0.951814 20.0 378.7727 180 yes 1 9.059e-05 0.0000 [-90.0,-44.4];[44.4,90.0]
123 0.951814 30.0 378.7727 63 yes 1 8.781e-05 0.0000 [-90.0,-70.6];[70.6,90.0]
124 0.951814 40.0 378.7727 48 yes 1 8.869e-05 0.0000 none
125 0.951814 50.0 378.7727 48 yes 1 8.879e-05 0.0000 none
126 0.951814 60.0 378.7727 48 yes 1 8.887e-05 0.0000 none
127 0.951814 70.0 378.7727 48 yes 1 8.893e-05 0.0000 none
128 0.951814 80.0 378.7727 48 yes 1 8.896e-05 0.0000 none
129 0.951814 90.0 378.7727 48 yes 1 8.897e-05 0.0000 none
130 0.929017 0.0 385.7225 46 yes 1 1.225e-05 0.0000 [-90.0,90.0]
131 0.929017 10.0 385.7225 44 yes 1 2.893e-07 0.0000 [-90.0,90.0]
132 0.929017 20.0 385.7225 44 yes 1 8.819e-06 0.0000 [-90.0,90.0]
133 0.929017 30.0 385.7225 91 yes 1 9.124e-05 0.0000 [-90.0,-57.1];[57.1,90.0]
134 0.929017 40.0 385.7225 48 yes 1 9.868e-05 0.0000 none
135 0.929017 50.0 385.7225 48 yes 1 9.876e-05 0.0000 none
136 0.929017 60.0 385.7225 48 yes 1 9.882e-05 0.0000 none
137 0.929017 70.0 385.7225 48 yes 1 9.886e-05 0.0000 none
138 0.929017 80.0 385.7225 48 yes 1 9.889e-05 0.0000 none
139 0.929017 90.0 385.7225 48 yes 1 9.890e-05 0.0000 none
140 0.907029 0.0 392.7144 26 yes 1 2.088e-05 0.0000 [-90.0,90.0]
141 0.907029 10.0 392.7144 26 yes 1 1.214e-06 0.0000 [-90.0,90.0]
142 0.907029 20.0 392.7144 26 yes 1 1.338e-06 0.0000 [-90.0,90.0]
143 0.907029 30.0 392.7144 187 yes 1 8.905e-05 0.0000 [-90.0,-42.7];[42.7,90.0]
144 0.907029 40.0 392.7144 99 yes 1 8.700e-05 0.0000 [-90.0,-69.7];[69.7,90.0]
145 0.907029 50.0 392.7144 49 yes 1 8.207e-05 0.0000 none
146 0.907029 60.0 392.7144 49 yes 1 8.211e-05 0.0000 none
147 0.907029 70.0 392.7144 49 yes 1 8.213e-05 0.0000 none
148 0.907029 80.0 392.7144 49 yes 1 8.214e-05 0.0000 none
149 0.907029 90.0 392.7144 49 yes 1 8.215e-05 0.0000 none
150 0.885813 0.0 399.7480 20 yes 1 7.415e-07 0.0000 [-90.0,90.0]
151 0.885813 10.0 399.7480 20 yes 1 2.177e-07 0.0000 [-90.0,90.0]
152 0.885813 20.0 399.7480 20 yes 1 1.404e-07 0.0000 [-90.0,90.0]
153 0.885813 30.0 399.7480 25 yes 1 3.690e-05 0.0000 [-90.0,90.0]
154 0.885813 40.0 399.7480 62 yes 1 2.827e-05 0.0000 [-90.0,90.0]
155 0.885813 50.0 399.7480 49 yes 1 8.151e-05 0.0000 none
156 0.885813 60.0 399.7480 49 yes 1 8.154e-05 0.0000 none
157 0.885813 70.0 399.7480 49 yes 1 8.156e-05 0.0000 none
158 0.885813 80.0 399.7480 49 yes 1 8.157e-05 0.0000 none
159 0.885813 90.0 399.7480 49 yes 1 8.157e-05 0.0000 none
160 0.865333 0.0 406.8231 16 yes 1 3.779e-05 0.0000 [-90.0,90.0]
161 0.865333 10.0 406.8231 16 yes 1 1.734e-05 0.0000 [-90.0,90.0]
162 0.865333 20.0 406.8231 16 yes 1 9.761e-06 0.0000 [-90.0,90.0]
163 0.865333 30.0 406.8231 18 yes 1 3.926e-06 0.0000 [-90.0,90.0]
164 0.865333 40.0 406.8231 25 yes 1 9.239e-07 0.0000 [-90.0,90.0]
165 0.865333 50.0 406.8231 44 yes 1 1.541e-05 0.0000 [-90.0,90.0]
166 0.865333 60.0 406.8231 48 yes 1 9.920e-05 0.0000 none
167 0.865333 70.0 406.8231 48 yes 1 9.922e-05 0.0000 none
168 0.865333 80.0 406.8231 48 yes 1 9.923e-05 0.0000 none
169 0.865333 90.0 406.8231 32 yes 1 8.681e-05 0.0000 [-90.0,90.0]
170 0.845554 0.0 413.9394 14 yes 1 1.170e-05 0.0000 [-90.0,90.0]
171 0.845554 10.0 413.9394 14 yes 1 7.340e-06 0.0000 [-90.0,90.0]
172 0.845554 20.0 413.9394 14 yes 1 3.970e-06 0.0000 [-90.0,90.0]
173 0.845554 30.0 413.9394 15 yes 1 8.887e-07 0.0000 [-90.0,90.0]
174 0.845554 40.0 413.9394 18 yes 1 1.138e-06 0.0000 [-90.0,90.0]
175 0.845554 50.0 413.9394 22 yes 1 7.228e-07 0.0000 [-90.0,90.0]
176 0.845554 60.0 413.9394 48 yes 1 9.394e-05 0.0000 none
177 0.845554 70.0 413.9394 57 yes 1 8.802e-05 0.0000 none
178 0.845554 80.0 413.9394 21 yes 1 3.433e-06 0.0000 [-90.0,90.0]
179 0.845554 90.0 413.9394 21 yes 1 6.546e-05 0.0000 [-90.0,90.0]
180 0.826446 0.0 421.0968 13 yes 1 2.928e-07 0.0000 [-90.0,90.0]
181 0.826446 10.0 421.0968 13 yes 1 2.038e-07 0.0000 [-90.0,90.0]
182 0.826446 20.0 421.0968 13 yes 1 1.266e-07 0.0000 [-90.0,90.0]
183 0.826446 30.0 421.0968 13 yes 1 2.610e-06 0.0000 [-90.0,90.0]
184 0.826446 40.0 421.0968 15 yes 1 2.094e-07 0.0000 [-90.0,90.0]
185 0.826446 50.0 421.0968 17 yes 1 6.047e-05 0.0000 [-90.0,90.0]
186 0.826446 60.0 421.0968 22 yes 1 8.691e-06 0.0000 [-90.0,90.0]
187 0.826446 70.0 421.0968 19 yes 1 1.412e-05 0.0000 [-90.0,90.0]
188 0.826446 80.0 421.0968 17 yes 1 8.974e-05 0.0000 [-90.0,90.0]
189 0.826446 90.0 421.0968 16 yes 1 7.177e-06 0.0000 [-90.0,90.0]
