# case branch value orbits converged cycle_orbits max_dT_K asym_K ice_segments
0 warm 2041.5 32 yes 1 6.794e-05 2.1193 none
1 warm 2024.49 23 yes 1 9.050e-05 2.1017 none
2 warm 2007.48 23 yes 1 9.051e-05 2.0841 none
3 warm 1990.46 23 yes 1 9.051e-05 2.0664 none
4 warm 1973.45 23 yes 1 9.051e-05 2.0487 none
5 warm 1956.44 23 yes 1 9.051e-05 2.0311 none
6 warm 1939.42 23 yes 1 9.051e-05 2.0134 none
7 warm 1922.41 23 yes 1 9.051e-05 1.9957 none
8 warm 1905.4 23 yes 1 9.051e-05 1.9781 none
9 warm 1888.39 23 yes 1 9.051e-05 1.9604 none
10 warm 1871.38 23 yes 1 9.051e-05 1.9428 none
11 warm 1854.36 23 yes 1 9.051e-05 1.9251 none
12 warm 1837.35 23 yes 1 9.051e-05 1.9074 none
13 warm 1820.34 23 yes 1 9.051e-05 1.8898 none
14 warm 1803.33 23 yes 1 9.051e-05 1.8721 none
15 warm 1786.31 23 yes 1 9.051e-05 1.8545 none
16 warm 1769.3 23 yes 1 9.051e-05 1.8368 none
17 warm 1752.29 23 yes 1 9.051e-05 1.8191 none
18 warm 1735.27 23 yes 1 9.051e-05 1.8015 none
19 warm 1718.26 23 yes 1 9.051e-05 1.7838 none
20 warm 1701.25 23 yes 1 9.051e-05 1.7662 none
21 warm 1684.24 23 yes 1 9.051e-05 1.7485 none
22 warm 1667.23 23 yes 1 9.051e-05 1.7308 none
23 warm 1650.21 23 yes 1 9.051e-05 1.7132 none
24 warm 1633.2 23 yes 1 9.051e-05 1.6955 none
25 warm 1616.19 23 yes 1 9.051e-05 1.6779 none
26 warm 1599.17 23 yes 1 9.051e-05 1.6602 none
27 warm 1582.16 23 yes 1 9.051e-05 1.6425 none
28 warm 1565.15 23 yes 1 9.051e-05 1.6249 none
29 warm 1548.14 23 yes 1 9.051e-05 1.6072 none
30 warm 1531.12 31 yes 1 9.635e-05 1.5673 none
31 warm 1514.11 30 yes 1 7.002e-05 1.7123 none
32 warm 1497.1 28 yes 1 9.642e-05 1.8690 none
33 warm 1480.09 30 yes 1 7.639e-05 2.3664 none
34 warm 1463.08 31 yes 1 6.820e-05 2.6654 [80.7,90.0]
35 warm 1446.06 40 yes 1 9.330e-05 3.0250 [74.0,90.0]
36 warm 1429.05 34 yes 1 8.915e-05 3.4295 [-90.0,-76.5];[69.0,90.0]
37 warm 1412.04 46 yes 1 8.654e-05 3.5696 [-90.0,-71.1];[64.9,90.0]
38 warm 1395.02 34 yes 1 9.219e-05 3.7198 [-90.0,-66.4];[60.8,90.0]
39 warm 1378.01 34 yes 1 9.600e-05 3.8147 [-90.0,-62.3];[57.1,90.0]
40 warm 1361 37 yes 1 9.574e-05 3.8504 [-90.0,-57.8];[53.0,90.0]
41 warm 1343.99 106 yes 1 9.041e-05 4.2406 [-90.0,-52.2];[47.2,90.0]
42 warm 1326.97 37 yes 1 4.796e-06 0.0000 [-90.0,90.0]
43 warm 1309.96 4 yes 1 3.090e-06 0.0000 [-90.0,90.0]
44 warm 1292.95 4 yes 1 3.090e-06 0.0000 [-90.0,90.0]
45 warm 1275.94 4 yes 1 3.090e-06 0.0000 [-90.0,90.0]
46 warm 1258.92 4 yes 1 3.090e-06 0.0000 [-90.0,90.0]
47 warm 1241.91 4 yes 1 3.090e-06 0.0000 [-90.0,90.0]
48 warm 1224.9 4 yes 1 3.090e-06 0.0000 [-90.0,90.0]
49 warm 1207.89 4 yes 1 3.090e-06 0.0000 [-90.0,90.0]
50 warm 1190.88 4 yes 1 3.090e-06 0.0000 [-90.0,90.0]
51 warm 1173.86 4 yes 1 3.090e-06 0.0000 [-90.0,90.0]
52 warm 1156.85 4 yes 1 3.090e-06 0.0000 [-90.0,90.0]
53 warm 1139.84 4 yes 1 3.090e-06 0.0000 [-90.0,90.0]
54 warm 1122.83 4 yes 1 3.090e-06 0.0000 [-90.0,90.0]
55 warm 1105.81 4 yes 1 3.090e-06 0.0000 [-90.0,90.0]
56 warm 1088.8 4 yes 1 3.090e-06 0.0000 [-90.0,90.0]
57 cold 1088.8 4 yes 1 2.110e-06 0.0000 [-90.0,90.0]
58 cold 1105.81 4 yes 1 3.090e-06 0.0000 [-90.0,90.0]
59 cold 1122.83 4 yes 1 3.090e-06 0.0000 [-90.0,90.0]
60 cold 1139.84 4 yes 1 3.090e-06 0.0000 [-90.0,90.0]
61 cold 1156.85 4 yes 1 3.090e-06 0.0000 [-90.0,90.0]
62 cold 1173.86 4 yes 1 3.090e-06 0.0000 [-90.0,90.0]
63 cold 1190.88 4 yes 1 3.090e-06 0.0000 [-90.0,90.0]
64 cold 1207.89 4 yes 1 3.090e-06 0.0000 [-90.0,90.0]
65 cold 1224.9 4 yes 1 3.090e-06 0.0000 [-90.0,90.0]
66 cold 1241.91 4 yes 1 3.090e-06 0.0000 [-90.0,90.0]
67 cold 1258.92 4 yes 1 3.090e-06 0.0000 [-90.0,90.0]
68 cold 1275.94 4 yes 1 3.090e-06 0.0000 [-90.0,90.0]
69 cold 1292.95 4 yes 1 3.090e-06 0.0000 [-90.0,90.0]
70 cold 1309.96 4 yes 1 3.090e-06 0.0000 [-90.0,90.0]
71 cold 1326.97 4 yes 1 3.090e-06 0.0000 [-90.0,90.0]
72 cold 1343.99 4 yes 1 3.090e-06 0.0000 [-90.0,90.0]
73 cold 1361 4 yes 1 3.090e-06 0.0000 [-90.0,90.0]
74 cold 1378.01 4 yes 1 3.090e-06 0.0000 [-90.0,90.0]
75 cold 1395.02 4 yes 1 3.090e-06 0.0000 [-90.0,90.0]
76 cold 1412.04 4 yes 1 3.090e-06 0.0000 [-90.0,90.0]
77 cold 1429.05 4 yes 1 3.090e-06 0.0000 [-90.0,90.0]
78 cold 1446.06 4 yes 1 3.090e-06 0.0000 [-90.0,90.0]
79 cold 1463.08 4 yes 1 3.090e-06 0.0000 [-90.0,90.0]
80 cold 1480.09 4 yes 1 3.090e-06 0.0000 [-90.0,90.0]
81 cold 1497.1 4 yes 1 3.090e-06 0.0000 [-90.0,90.0]
82 cold 1514.11 4 yes 1 3.090e-06 0.0000 [-90.0,90.0]
83 cold 1531.12 4 yes 1 3.090e-06 0.0000 [-90.0,90.0]
84 cold 1548.14 4 yes 1 3.090e-06 0.0000 [-90.0,90.0]
85 cold 1565.15 4 yes 1 3.090e-06 0.0000 [-90.0,90.0]
86 cold 1582.16 4 yes 1 3.090e-06 0.0000 [-90.0,90.0]
87 cold 1599.17 4 yes 1 3.090e-06 0.0000 [-90.0,90.0]
88 cold 1616.19 7 yes 1 3.231e-05 0.2916 [-90.0,90.0]
89 cold 1633.2 34 yes 1 7.642e-05 1.6954 none
90 cold 1650.21 23 yes 1 9.051e-05 1.7130 none
91 cold 1667.23 23 yes 1 9.051e-05 1.7307 none
92 cold 1684.24 23 yes 1 9.051e-05 1.7484 none
93 cold 1701.25 23 yes 1 9.051e-05 1.7660 none
94 cold 1718.26 23 yes 1 9.051e-05 1.7837 none
95 cold 1735.27 23 yes 1 9.051e-05 1.8013 none
96 cold 1752.29 23 yes 1 9.051e-05 1.8190 none
97 cold 1769.3 23 yes 1 9.051e-05 1.8367 none
98 cold 1786.31 23 yes 1 9.051e-05 1.8543 none
99 cold 1803.33 23 yes 1 9.051e-05 1.8720 none
100 cold 1820.34 23 yes 1 9.051e-05 1.8896 none
101 cold 1837.35 23 yes 1 9.051e-05 1.9073 none
102 cold 1854.36 23 yes 1 9.051e-05 1.9250 none
103 cold 1871.38 23 yes 1 9.051e-05 1.9426 none
104 cold 1888.39 23 yes 1 9.051e-05 1.9603 none
105 cold 1905.4 23 yes 1 9.051e-05 1.9779 none
106 cold 1922.41 23 yes 1 9.051e-05 1.9956 none
107 cold 1939.42 23 yes 1 9.051e-05 2.0133 none
108 cold 1956.44 23 yes 1 9.051e-05 2.0309 none
109 cold 1973.45 23 yes 1 9.051e-05 2.0486 none
110 cold 1990.46 23 yes 1 9.051e-05 2.0663 none
111 cold 2007.48 23 yes 1 9.051e-05 2.0839 none
112 cold 2024.49 23 yes 1 9.051e-05 2.1016 none
113 cold 2041.5 23 yes 1 9.051e-05 2.1192 none
