# case inst obl period_days orbits converged cycle_orbits max_dT_K asym_K ice_segments
0 1.050000 0.0 365.0000 4 yes 1 5.976e-05 0.0000 [-90.0,90.0]
1 1.050000 10.0 365.0000 4 yes 1 5.981e-05 0.0000 [-90.0,90.0]
2 1.050000 20.0 365.0000 4 yes 1 5.987e-05 0.0000 [-90.0,90.0]
3 1.050000 30.0 365.0000 5 yes 1 6.285e-05 0.0530 [-90.0,90.0]
4 1.050000 40.0 365.0000 8 yes 1 3.284e-05 0.3452 [-90.0,90.0]
5 1.050000 50.0 365.0000 15 yes 1 4.992e-05 0.0905 [-90.0,90.0]
6 1.050000 60.0 365.0000 60 yes 1 5.927e-05 0.0232 [-48.7,48.7]
7 1.050000 70.0 365.0000 79 yes 1 9.474e-05 0.0000 none
8 1.050000 80.0 365.0000 71 yes 1 8.135e-05 0.0000 none
9 1.050000 90.0 365.0000 69 yes 1 9.209e-05 0.0000 none
10 1.075000 0.0 365.0000 4 yes 1 6.594e-05 0.0000 [-90.0,90.0]
11 1.075000 10.0 365.0000 4 yes 1 6.599e-05 0.0000 [-90.0,90.0]
12 1.075000 20.0 365.0000 4 yes 1 6.605e-05 0.0000 [-90.0,90.0]
13 1.075000 30.0 365.0000 6 yes 1 1.671e-05 0.0799 [-90.0,90.0]
14 1.075000 40.0 365.0000 9 yes 1 9.072e-05 0.3539 [-90.0,90.0]
15 1.075000 50.0 365.0000 14 yes 1 4.285e-05 0.2314 [-74.8,76.1]
16 1.075000 60.0 365.0000 70 yes 1 8.810e-05 0.0000 none
17 1.075000 70.0 365.0000 65 yes 1 8.190e-05 0.0000 none
18 1.075000 80.0 365.0000 63 yes 1 9.380e-05 0.0000 none
19 1.075000 90.0 365.0000 63 yes 1 8.691e-05 0.0000 none
20 1.100000 0.0 365.0000 4 yes 1 7.212e-05 0.0000 [-90.0,90.0]
21 1.100000 10.0 365.0000 4 yes 1 7.217e-05 0.0000 [-90.0,90.0]
22 1.100000 20.0 365.0000 4 yes 1 7.223e-05 0.0000 [-90.0,90.0]
23 1.100000 30.0 365.0000 8 yes 1 4.649e-06 0.0996 [-90.0,90.0]
24 1.100000 40.0 365.0000 9 yes 1 7.494e-05 0.1237 [-90.0,90.0]
25 1.100000 50.0 365.0000 69 yes 1 8.557e-05 0.0000 none
26 1.100000 60.0 365.0000 62 yes 1 9.338e-05 0.0000 none
27 1.100000 70.0 365.0000 61 yes 1 9.350e-05 0.0000 none
28 1.100000 80.0 365.0000 61 yes 1 8.477e-05 0.0000 none
29 1.100000 90.0 365.0000 61 yes 1 8.270e-05 0.0000 none
30 1.125000 0.0 365.0000 4 yes 1 7.830e-05 0.0000 [-90.0,90.0]
31 1.125000 10.0 365.0000 4 yes 1 7.836e-05 0.0000 [-90.0,90.0]
32 1.125000 20.0 365.0000 4 yes 1 7.841e-05 0.0000 [-90.0,90.0]
33 1.125000 30.0 365.0000 12 yes 1 8.610e-05 0.0867 [-90.0,90.0]
34 1.125000 40.0 365.0000 18 yes 1 7.592e-05 0.1245 [-90.0,90.0]
35 1.125000 50.0 365.0000 61 yes 1 8.667e-05 0.0000 none
36 1.125000 60.0 365.0000 60 yes 1 9.179e-05 0.0000 none
37 1.125000 70.0 365.0000 60 yes 1 8.646e-05 0.0000 none
38 1.125000 80.0 365.0000 60 yes 1 8.348e-05 0.0000 none
39 1.125000 90.0 365.0000 60 yes 1 8.269e-05 0.0000 none
40 1.150000 0.0 365.0000 4 yes 1 8.448e-05 0.0000 [-90.0,90.0]
41 1.150000 10.0 365.0000 4 yes 1 8.454e-05 0.0000 [-90.0,90.0]
42 1.150000 20.0 365.0000 4 yes 1 8.460e-05 0.0000 [-90.0,90.0]
43 1.150000 30.0 365.0000 19 yes 1 6.153e-05 0.0446 [-90.0,90.0]
44 1.150000 40.0 365.0000 60 yes 1 9.396e-05 0.0000 none
45 1.150000 50.0 365.0000 59 yes 1 9.836e-05 0.0000 none
46 1.150000 60.0 365.0000 59 yes 1 9.464e-05 0.0000 none
47 1.150000 70.0 365.0000 59 yes 1 9.305e-05 0.0000 none
48 1.150000 80.0 365.0000 59 yes 1 9.282e-05 0.0000 none
49 1.150000 90.0 365.0000 59 yes 1 9.222e-05 0.0000 none
50 1.175000 0.0 365.0000 4 yes 1 9.066e-05 0.0000 [-90.0,90.0]
51 1.175000 10.0 365.0000 4 yes 1 9.072e-05 0.0000 [-90.0,90.0]
52 1.175000 20.0 365.0000 4 yes 1 9.078e-05 0.0000 [-90.0,90.0]
53 1.175000 30.0 365.0000 60 yes 1 9.411e-05 0.0000 none
54 1.175000 40.0 365.0000 59 yes 1 9.378e-05 0.0000 none
55 1.175000 50.0 365.0000 59 yes 1 8.997e-05 0.0000 none
56 1.175000 60.0 365.0000 59 yes 1 8.894e-05 0.0000 none
57 1.175000 70.0 365.0000 59 yes 1 8.892e-05 0.0000 none
58 1.175000 80.0 365.0000 59 yes 1 8.822e-05 0.0000 none
59 1.175000 90.0 365.0000 59 yes 1 8.816e-05 0.0000 none
60 1.200000 0.0 365.0000 4 yes 1 9.684e-05 0.0000 [-90.0,90.0]
61 1.200000 10.0 365.0000 4 yes 1 9.690e-05 0.0000 [-90.0,90.0]
62 1.200000 20.0 365.0000 4 yes 1 9.696e-05 0.0000 [-90.0,90.0]
63 1.200000 30.0 365.0000 59 yes 1 9.844e-05 0.0000 none
64 1.200000 40.0 365.0000 59 yes 1 9.026e-05 0.0000 none
65 1.200000 50.0 365.0000 59 yes 1 8.839e-05 0.0000 none
66 1.200000 60.0 365.0000 59 yes 1 8.877e-05 0.0000 none
67 1.200000 70.0 365.0000 59 yes 1 8.805e-05 0.0000 none
68 1.200000 80.0 365.0000 59 yes 1 8.757e-05 0.0000 none
69 1.200000 90.0 365.0000 59 yes 1 8.756e-05 0.0000 none
70 1.225000 0.0 365.0000 5 yes 1 1.982e-07 0.0000 [-90.0,90.0]
71 1.225000 10.0 365.0000 5 yes 1 1.982e-07 0.0000 [-90.0,90.0]
72 1.225000 20.0 365.0000 5 yes 1 1.982e-07 0.0000 [-90.0,90.0]
73 1.225000 30.0 365.0000 59 yes 1 9.453e-05 0.0000 none
74 1.225000 40.0 365.0000 59 yes 1 9.035e-05 0.0000 none
75 1.225000 50.0 365.0000 59 yes 1 9.006e-05 0.0000 none
76 1.225000 60.0 365.0000 59 yes 1 8.951e-05 0.0000 none
77 1.225000 70.0 365.0000 59 yes 1 8.846e-05 0.0000 none
78 1.225000 80.0 365.0000 59 yes 1 8.859e-05 0.0000 none
79 1.225000 90.0 365.0000 59 yes 1 8.856e-05 0.0000 none
80 1.250000 0.0 365.0000 5 yes 1 2.101e-07 0.0000 [-90.0,90.0]
81 1.250000 10.0 365.0000 5 yes 1 2.101e-07 0.0000 [-90.0,90.0]
82 1.250000 20.0 365.0000 5 yes 1 2.101e-07 0.0000 [-90.0,90.0]
83 1.250000 30.0 365.0000 59 yes 1 9.641e-05 0.0000 none
84 1.250000 40.0 365.0000 59 yes 1 9.287e-05 0.0000 none
85 1.250000 50.0 365.0000 59 yes 1 9.115e-05 0.0000 none
86 1.250000 60.0 365.0000 59 yes 1 9.170e-05 0.0000 none
87 1.250000 70.0 365.0000 59 yes 1 9.155e-05 0.0000 none
88 1.250000 80.0 365.0000 59 yes 1 9.097e-05 0.0000 none
89 1.250000 90.0 365.0000 59 yes 1 9.072e-05 0.0000 none
90 1.275000 0.0 365.0000 5 yes 1 2.220e-07 0.0000 [-90.0,90.0]
91 1.275000 10.0 365.0000 5 yes 1 2.220e-07 0.0000 [-90.0,90.0]
92 1.275000 20.0 365.0000 60 yes 1 8.929e-05 0.0000 none
93 1.275000 30.0 365.0000 59 yes 1 9.624e-05 0.0000 none
94 1.275000 40.0 365.0000 59 yes 1 9.519e-05 0.0000 none
95 1.275000 50.0 365.0000 59 yes 1 9.468e-05 0.0000 none
96 1.275000 60.0 365.0000 59 yes 1 9.375e-05 0.0000 none
97 1.275000 70.0 365.0000 59 yes 1 9.346e-05 0.0000 none
98 1.275000 80.0 365.0000 59 yes 1 9.350e-05 0.0000 none
99 1.275000 90.0 365.0000 59 yes 1 9.343e-05 0.0000 none
100 1.300000 0.0 365.0000 5 yes 1 2.339e-07 0.0000 [-90.0,90.0]
101 1.300000 10.0 365.0000 5 yes 1 2.339e-07 0.0000 [-90.0,90.0]
102 1.300000 20.0 365.0000 60 yes 1 8.495e-05 0.0000 none
103 1.300000 30.0 365.0000 59 yes 1 9.851e-05 0.0000 none
104 1.300000 40.0 365.0000 59 yes 1 9.799e-05 0.0000 none
105 1.300000 50.0 365.0000 59 yes 1 9.826e-05 0.0000 none
106 1.300000 60.0 365.0000 59 yes 1 9.763e-05 0.0000 none
107 1.300000 70.0 365.0000 59 yes 1 9.683e-05 0.0000 none
108 1.300000 80.0 365.0000 59 yes 1 9.675e-05 0.0000 none
109 1.300000 90.0 365.0000 59 yes 1 9.674e-05 0.0000 none
110 1.325000 0.0 365.0000 5 yes 1 2.458e-07 0.0000 [-90.0,90.0]
111 1.325000 10.0 365.0000 5 yes 1 2.458e-07 0.0000 [-90.0,90.0]
112 1.325000 20.0 365.0000 60 yes 1 8.597e-05 0.0000 none
113 1.325000 30.0 365.0000 60 yes 1 8.279e-05 0.0000 none
114 1.325000 40.0 365.0000 60 yes 1 8.195e-05 0.0000 none
115 1.325000 50.0 365.0000 60 yes 1 8.263e-05 0.0000 none
116 1.325000 60.0 365.0000 60 yes 1 8.242e-05 0.0000 none
117 1.325000 70.0 365.0000 60 yes 1 8.186e-05 0.0000 none
118 1.325000 80.0 365.0000 60 yes 1 8.143e-05 0.0000 none
119 1.325000 90.0 365.0000 60 yes 1 8.140e-05 0.0000 none
120 1.350000 0.0 365.0000 5 yes 1 2.576e-07 0.0000 [-90.0,90.0]
121 1.350000 10.0 365.0000 61 yes 1 8.868e-05 0.0000 none
122 1.350000 20.0 365.0000 60 yes 1 8.848e-05 0.0000 none
123 1.350000 30.0 365.0000 60 yes 1 8.589e-05 0.0000 none
124 1.350000 40.0 365.0000 60 yes 1 8.483e-05 0.0000 none
125 1.350000 50.0 365.0000 60 yes 1 8.542e-05 0.0000 none
126 1.350000 60.0 365.0000 60 yes 1 8.555e-05 0.0000 none
127 1.350000 70.0 365.0000 60 yes 1 8.511e-05 0.0000 none
128 1.350000 80.0 365.0000 60 yes 1 8.472e-05 0.0000 none
129 1.350000 90.0 365.0000 60 yes 1 8.457e-05 0.0000 none
130 1.375000 0.0 365.0000 61 yes 1 9.771e-05 0.0000 none
131 1.375000 10.0 365.0000 61 yes 1 8.766e-05 0.0000 none
132 1.375000 20.0 365.0000 60 yes 1 9.128e-05 0.0000 none
133 1.375000 30.0 365.0000 60 yes 1 8.909e-05 0.0000 none
134 1.375000 40.0 365.0000 60 yes 1 8.816e-05 0.0000 none
135 1.375000 50.0 365.0000 60 yes 1 8.794e-05 0.0000 none
136 1.375000 60.0 365.0000 60 yes 1 8.863e-05 0.0000 none
137 1.375000 70.0 365.0000 60 yes 1 8.835e-05 0.0000 none
138 1.375000 80.0 365.0000 60 yes 1 8.801e-05 0.0000 none
139 1.375000 90.0 365.0000 60 yes 1 8.786e-05 0.0000 none
140 1.400000 0.0 365.0000 61 yes 1 8.855e-05 0.0000 none
141 1.400000 10.0 365.0000 61 yes 1 8.407e-05 0.0000 none
142 1.400000 20.0 365.0000 60 yes 1 9.424e-05 0.0000 none
143 1.400000 30.0 365.0000 60 yes 1 9.234e-05 0.0000 none
144 1.400000 40.0 365.0000 60 yes 1 9.147e-05 0.0000 none
145 1.400000 50.0 365.0000 60 yes 1 9.091e-05 0.0000 none
146 1.400000 60.0 365.0000 60 yes 1 9.160e-05 0.0000 none
147 1.400000 70.0 365.0000 60 yes 1 9.158e-05 0.0000 none
148 1.400000 80.0 365.0000 60 yes 1 9.130e-05 0.0000 none
149 1.400000 90.0 365.0000 60 yes 1 9.115e-05 0.0000 none
150 1.425000 0.0 365.0000 61 yes 1 8.869e-05 0.0000 none
151 1.425000 10.0 365.0000 61 yes 1 8.518e-05 0.0000 none
152 1.425000 20.0 365.0000 60 yes 1 9.732e-05 0.0000 none
153 1.425000 30.0 365.0000 60 yes 1 9.560e-05 0.0000 none
154 1.425000 40.0 365.0000 60 yes 1 9.484e-05 0.0000 none
155 1.425000 50.0 365.0000 60 yes 1 9.432e-05 0.0000 none
156 1.425000 60.0 365.0000 60 yes 1 9.429e-05 0.0000 none
157 1.425000 70.0 365.0000 60 yes 1 9.474e-05 0.0000 none
158 1.425000 80.0 365.0000 60 yes 1 9.456e-05 0.0000 none
159 1.425000 90.0 365.0000 60 yes 1 9.445e-05 0.0000 none
160 1.450000 0.0 365.0000 61 yes 1 8.979e-05 0.0000 none
161 1.450000 10.0 365.0000 61 yes 1 8.675e-05 0.0000 none
162 1.450000 20.0 365.0000 61 yes 1 8.155e-05 0.0000 none
163 1.450000 30.0 365.0000 60 yes 1 9.892e-05 0.0000 none
164 1.450000 40.0 365.0000 60 yes 1 9.823e-05 0.0000 none
165 1.450000 50.0 365.0000 60 yes 1 9.767e-05 0.0000 none
166 1.450000 60.0 365.0000 60 yes 1 9.725e-05 0.0000 none
167 1.450000 70.0 365.0000 60 yes 1 9.773e-05 0.0000 none
168 1.450000 80.0 365.0000 60 yes 1 9.772e-05 0.0000 none
169 1.450000 90.0 365.0000 60 yes 1 9.768e-05 0.0000 none
170 1.475000 0.0 365.0000 61 yes 1 9.132e-05 0.0000 none
171 1.475000 10.0 365.0000 61 yes 1 8.860e-05 0.0000 none
172 1.475000 20.0 365.0000 61 yes 1 8.412e-05 0.0000 none
173 1.475000 30.0 365.0000 61 yes 1 8.303e-05 0.0000 none
174 1.475000 40.0 365.0000 61 yes 1 8.250e-05 0.0000 none
175 1.475000 50.0 365.0000 61 yes 1 8.206e-05 0.0000 none
176 1.475000 60.0 365.0000 61 yes 1 8.172e-05 0.0000 none
177 1.475000 70.0 365.0000 61 yes 1 8.145e-05 0.0000 none
178 1.475000 80.0 365.0000 61 yes 1 8.196e-05 0.0000 none
179 1.475000 90.0 365.0000 61 yes 1 8.187e-05 0.0000 none
180 1.500000 0.0 365.0000 61 yes 1 9.310e-05 0.0000 none
181 1.500000 10.0 365.0000 61 yes 1 9.066e-05 0.0000 none
182 1.500000 20.0 365.0000 61 yes 1 8.675e-05 0.0000 none
183 1.500000 30.0 365.0000 61 yes 1 8.575e-05 0.0000 none
184 1.500000 40.0 365.0000 61 yes 1 8.526e-05 0.0000 none
185 1.500000 50.0 365.0000 61 yes 1 8.483e-05 0.0000 none
186 1.500000 60.0 365.0000 61 yes 1 8.451e-05 0.0000 none
187 1.500000 70.0 365.0000 61 yes 1 8.416e-05 0.0000 none
188 1.500000 80.0 365.0000 61 yes 1 8.430e-05 0.0000 none
189 1.500000 90.0 365.0000 61 yes 1 8.432e-05 0.0000 none
